Archive member included to satisfy reference by file (symbol)

c:/mounriver/mounriver_studio/toolchain/risc-v embedded gcc/bin/../lib/gcc/riscv-none-embed/8.2.0/../../../../riscv-none-embed/lib/rv32imacxw/ilp32\libg_nano.a(lib_a-printf.o)
                              ./Core/Src/main.o (printf)
c:/mounriver/mounriver_studio/toolchain/risc-v embedded gcc/bin/../lib/gcc/riscv-none-embed/8.2.0/../../../../riscv-none-embed/lib/rv32imacxw/ilp32\libg_nano.a(lib_a-puts.o)
                              ./Core/Src/main.o (puts)
c:/mounriver/mounriver_studio/toolchain/risc-v embedded gcc/bin/../lib/gcc/riscv-none-embed/8.2.0/../../../../riscv-none-embed/lib/rv32imacxw/ilp32\libg_nano.a(lib_a-wbuf.o)
                              c:/mounriver/mounriver_studio/toolchain/risc-v embedded gcc/bin/../lib/gcc/riscv-none-embed/8.2.0/../../../../riscv-none-embed/lib/rv32imacxw/ilp32\libg_nano.a(lib_a-puts.o) (__swbuf_r)
c:/mounriver/mounriver_studio/toolchain/risc-v embedded gcc/bin/../lib/gcc/riscv-none-embed/8.2.0/../../../../riscv-none-embed/lib/rv32imacxw/ilp32\libg_nano.a(lib_a-wsetup.o)
                              c:/mounriver/mounriver_studio/toolchain/risc-v embedded gcc/bin/../lib/gcc/riscv-none-embed/8.2.0/../../../../riscv-none-embed/lib/rv32imacxw/ilp32\libg_nano.a(lib_a-puts.o) (__swsetup_r)
c:/mounriver/mounriver_studio/toolchain/risc-v embedded gcc/bin/../lib/gcc/riscv-none-embed/8.2.0/../../../../riscv-none-embed/lib/rv32imacxw/ilp32\libg_nano.a(lib_a-fflush.o)
                              c:/mounriver/mounriver_studio/toolchain/risc-v embedded gcc/bin/../lib/gcc/riscv-none-embed/8.2.0/../../../../riscv-none-embed/lib/rv32imacxw/ilp32\libg_nano.a(lib_a-wbuf.o) (_fflush_r)
c:/mounriver/mounriver_studio/toolchain/risc-v embedded gcc/bin/../lib/gcc/riscv-none-embed/8.2.0/../../../../riscv-none-embed/lib/rv32imacxw/ilp32\libg_nano.a(lib_a-findfp.o)
                              c:/mounriver/mounriver_studio/toolchain/risc-v embedded gcc/bin/../lib/gcc/riscv-none-embed/8.2.0/../../../../riscv-none-embed/lib/rv32imacxw/ilp32\libg_nano.a(lib_a-printf.o) (__sinit)
c:/mounriver/mounriver_studio/toolchain/risc-v embedded gcc/bin/../lib/gcc/riscv-none-embed/8.2.0/../../../../riscv-none-embed/lib/rv32imacxw/ilp32\libg_nano.a(lib_a-fwalk.o)
                              c:/mounriver/mounriver_studio/toolchain/risc-v embedded gcc/bin/../lib/gcc/riscv-none-embed/8.2.0/../../../../riscv-none-embed/lib/rv32imacxw/ilp32\libg_nano.a(lib_a-findfp.o) (_fwalk)
c:/mounriver/mounriver_studio/toolchain/risc-v embedded gcc/bin/../lib/gcc/riscv-none-embed/8.2.0/../../../../riscv-none-embed/lib/rv32imacxw/ilp32\libg_nano.a(lib_a-impure.o)
                              c:/mounriver/mounriver_studio/toolchain/risc-v embedded gcc/bin/../lib/gcc/riscv-none-embed/8.2.0/../../../../riscv-none-embed/lib/rv32imacxw/ilp32\libg_nano.a(lib_a-fflush.o) (_global_impure_ptr)
c:/mounriver/mounriver_studio/toolchain/risc-v embedded gcc/bin/../lib/gcc/riscv-none-embed/8.2.0/../../../../riscv-none-embed/lib/rv32imacxw/ilp32\libg_nano.a(lib_a-makebuf.o)
                              c:/mounriver/mounriver_studio/toolchain/risc-v embedded gcc/bin/../lib/gcc/riscv-none-embed/8.2.0/../../../../riscv-none-embed/lib/rv32imacxw/ilp32\libg_nano.a(lib_a-wsetup.o) (__smakebuf_r)
c:/mounriver/mounriver_studio/toolchain/risc-v embedded gcc/bin/../lib/gcc/riscv-none-embed/8.2.0/../../../../riscv-none-embed/lib/rv32imacxw/ilp32\libg_nano.a(lib_a-memset.o)
                              c:/mounriver/mounriver_studio/toolchain/risc-v embedded gcc/bin/../lib/gcc/riscv-none-embed/8.2.0/../../../../riscv-none-embed/lib/rv32imacxw/ilp32\libg_nano.a(lib_a-findfp.o) (memset)
c:/mounriver/mounriver_studio/toolchain/risc-v embedded gcc/bin/../lib/gcc/riscv-none-embed/8.2.0/../../../../riscv-none-embed/lib/rv32imacxw/ilp32\libg_nano.a(lib_a-nano-freer.o)
                              c:/mounriver/mounriver_studio/toolchain/risc-v embedded gcc/bin/../lib/gcc/riscv-none-embed/8.2.0/../../../../riscv-none-embed/lib/rv32imacxw/ilp32\libg_nano.a(lib_a-wsetup.o) (_free_r)
c:/mounriver/mounriver_studio/toolchain/risc-v embedded gcc/bin/../lib/gcc/riscv-none-embed/8.2.0/../../../../riscv-none-embed/lib/rv32imacxw/ilp32\libg_nano.a(lib_a-nano-mallocr.o)
                              c:/mounriver/mounriver_studio/toolchain/risc-v embedded gcc/bin/../lib/gcc/riscv-none-embed/8.2.0/../../../../riscv-none-embed/lib/rv32imacxw/ilp32\libg_nano.a(lib_a-findfp.o) (_malloc_r)
c:/mounriver/mounriver_studio/toolchain/risc-v embedded gcc/bin/../lib/gcc/riscv-none-embed/8.2.0/../../../../riscv-none-embed/lib/rv32imacxw/ilp32\libg_nano.a(lib_a-nano-vfprintf.o)
                              c:/mounriver/mounriver_studio/toolchain/risc-v embedded gcc/bin/../lib/gcc/riscv-none-embed/8.2.0/../../../../riscv-none-embed/lib/rv32imacxw/ilp32\libg_nano.a(lib_a-printf.o) (_vfprintf_r)
[...]
Memory Configuration

Name             Origin             Length             Attributes
FLASH            0x0000000000000000 0x0000000000010000 xr
RAM              0x0000000020000000 0x0000000000005000 xrw
*default*        0x0000000000000000 0xffffffffffffffff

Linker script and memory map

LOAD ./Drivers/src/ch32v20x_adc.o
LOAD ./Drivers/src/ch32v20x_bkp.o
LOAD ./Drivers/src/ch32v20x_can.o
LOAD ./Drivers/src/ch32v20x_crc.o
LOAD ./Drivers/src/ch32v20x_dbgmcu.o
LOAD ./Drivers/src/ch32v20x_dma.o
LOAD ./Drivers/src/ch32v20x_exti.o
LOAD ./Drivers/src/ch32v20x_flash.o
LOAD ./Drivers/src/ch32v20x_gpio.o
LOAD ./Drivers/src/ch32v20x_i2c.o
LOAD ./Drivers/src/ch32v20x_iwdg.o
LOAD ./Drivers/src/ch32v20x_misc.o
LOAD ./Drivers/src/ch32v20x_opa.o
LOAD ./Drivers/src/ch32v20x_pwr.o
LOAD ./Drivers/src/ch32v20x_rcc.o
LOAD ./Drivers/src/ch32v20x_rtc.o
LOAD ./Drivers/src/ch32v20x_spi.o
LOAD ./Drivers/src/ch32v20x_tim.o
LOAD ./Drivers/src/ch32v20x_usart.o
LOAD ./Drivers/src/ch32v20x_wwdg.o
LOAD ./Drivers/src/core_riscv.o
LOAD ./Core/Startup/startup_ch32v20x_D6.o
LOAD ./Core/Src/ch32v203xx_it.o
LOAD ./Core/Src/ch32v20x_RVMSIS.o
LOAD ./Core/Src/main.o
LOAD ./Core/Src/syscalls.o
LOAD c:/mounriver/mounriver_studio/toolchain/risc-v embedded gcc/bin/../lib/gcc/riscv-none-embed/8.2.0/rv32imacxw/ilp32\libgcc.a
LOAD c:/mounriver/mounriver_studio/toolchain/risc-v embedded gcc/bin/../lib/gcc/riscv-none-embed/8.2.0/../../../../riscv-none-embed/lib/rv32imacxw/ilp32\libg_nano.a
LOAD c:/mounriver/mounriver_studio/toolchain/risc-v embedded gcc/bin/../lib/gcc/riscv-none-embed/8.2.0/../../../../riscv-none-embed/lib/rv32imacxw/ilp32\libc_nano.a
LOAD c:/mounriver/mounriver_studio/toolchain/risc-v embedded gcc/bin/../lib/gcc/riscv-none-embed/8.2.0/rv32imacxw/ilp32\libgcc.a
START GROUP
LOAD c:/mounriver/mounriver_studio/toolchain/risc-v embedded gcc/bin/../lib/gcc/riscv-none-embed/8.2.0/rv32imacxw/ilp32\libgcc.a
LOAD c:/mounriver/mounriver_studio/toolchain/risc-v embedded gcc/bin/../lib/gcc/riscv-none-embed/8.2.0/../../../../riscv-none-embed/lib/rv32imacxw/ilp32\libc_nano.a
LOAD c:/mounriver/mounriver_studio/toolchain/risc-v embedded gcc/bin/../lib/gcc/riscv-none-embed/8.2.0/../../../../riscv-none-embed/lib/rv32imacxw/ilp32\libnosys.a
END GROUP
START GROUP
LOAD c:/mounriver/mounriver_studio/toolchain/risc-v embedded gcc/bin/../lib/gcc/riscv-none-embed/8.2.0/rv32imacxw/ilp32\libgcc.a
LOAD c:/mounriver/mounriver_studio/toolchain/risc-v embedded gcc/bin/../lib/gcc/riscv-none-embed/8.2.0/../../../../riscv-none-embed/lib/rv32imacxw/ilp32\libc_nano.a
LOAD c:/mounriver/mounriver_studio/toolchain/risc-v embedded gcc/bin/../lib/gcc/riscv-none-embed/8.2.0/../../../../riscv-none-embed/lib/rv32imacxw/ilp32\libnosys.a
END GROUP
                0x0000000000000200                __stack_size = 0x200
                [!provide]                        PROVIDE (_stack_size = __stack_size)

.init           0x0000000000000000       0x38
                0x0000000000000000                _sinit = .
                0x0000000000000000                . = ALIGN (0x4)
 *(SORT_NONE(.init))
 .init          0x0000000000000000       0x38 ./Core/Startup/startup_ch32v20x_D6.o
                0x0000000000000000                _start
                0x0000000000000038                . = ALIGN (0x4)
                0x0000000000000038                _einit = .

.vector         0x0000000000000038      0x108
 *(.vector)
 .vector        0x0000000000000038       0xfc ./Core/Startup/startup_ch32v20x_D6.o
                0x0000000000000140                . = ALIGN (0x40)
 *fill*         0x0000000000000134        0xc 

.text           0x0000000000000140     0x2784
                0x0000000000000140                . = ALIGN (0x4)
 *(.text)
 .text          0x0000000000000140       0xa8 c:/mounriver/mounriver_studio/toolchain/risc-v embedded gcc/bin/../lib/gcc/riscv-none-embed/8.2.0/../../../../riscv-none-embed/lib/rv32imacxw/ilp32\libg_nano.a(lib_a-memset.o)
                0x0000000000000140                memset
 *(.text.*)
 .text.USART_SendData
                0x00000000000001e8       0x2c ./Drivers/src/ch32v20x_usart.o
                0x00000000000001e8                USART_SendData
 .text.USART_GetFlagStatus
                0x0000000000000214       0x44 ./Drivers/src/ch32v20x_usart.o
                0x0000000000000214                USART_GetFlagStatus
 .text.vector_handler
                0x0000000000000258       0x6c ./Core/Startup/startup_ch32v20x_D6.o
                0x0000000000000258                NMI_Handler
                0x000000000000025a                HardFault_Handler
                0x000000000000025c                Ecall_M_Mode_Handler
                0x000000000000025e                Ecall_U_Mode_Handler
                0x0000000000000260                Break_Point_Handler
                0x0000000000000264                SW_handler
                0x0000000000000266                WWDG_IRQHandler
                0x0000000000000268                PVD_IRQHandler
                0x000000000000026a                TAMPER_IRQHandler
                0x000000000000026c                RTC_IRQHandler
                0x000000000000026e                FLASH_IRQHandler
                0x0000000000000270                RCC_IRQHandler
                0x0000000000000272                EXTI0_IRQHandler
                0x0000000000000274                EXTI1_IRQHandler
                0x0000000000000276                EXTI2_IRQHandler
                0x0000000000000278                EXTI3_IRQHandler
                0x000000000000027a                EXTI4_IRQHandler
                0x000000000000027c                DMA1_Channel1_IRQHandler
                0x000000000000027e                DMA1_Channel2_IRQHandler
                0x0000000000000280                DMA1_Channel3_IRQHandler
                0x0000000000000282                DMA1_Channel4_IRQHandler
                0x0000000000000284                DMA1_Channel5_IRQHandler
                0x0000000000000286                DMA1_Channel6_IRQHandler
                0x0000000000000288                DMA1_Channel7_IRQHandler
                0x000000000000028a                ADC1_2_IRQHandler
                0x000000000000028c                USB_HP_CAN1_TX_IRQHandler
                0x000000000000028e                USB_LP_CAN1_RX0_IRQHandler
                0x0000000000000290                CAN1_RX1_IRQHandler
                0x0000000000000292                CAN1_SCE_IRQHandler
                0x0000000000000294                EXTI9_5_IRQHandler
                0x0000000000000296                TIM1_BRK_IRQHandler
                0x0000000000000298                TIM1_UP_IRQHandler
                0x000000000000029a                TIM1_TRG_COM_IRQHandler
                0x000000000000029c                TIM1_CC_IRQHandler
                0x000000000000029e                TIM2_IRQHandler
                0x00000000000002a2                TIM4_IRQHandler
                0x00000000000002a4                I2C1_EV_IRQHandler
                0x00000000000002a6                I2C1_ER_IRQHandler
                0x00000000000002a8                I2C2_EV_IRQHandler
                0x00000000000002aa                I2C2_ER_IRQHandler
                0x00000000000002ac                SPI1_IRQHandler
                0x00000000000002ae                SPI2_IRQHandler
                0x00000000000002b6                EXTI15_10_IRQHandler
                0x00000000000002b8                RTCAlarm_IRQHandler
                0x00000000000002ba                USBWakeUp_IRQHandler
                0x00000000000002bc                USBHD_IRQHandler
                0x00000000000002be                USBHDWakeUp_IRQHandler
                0x00000000000002c0                UART4_IRQHandler
                0x00000000000002c2                DMA1_Channel8_IRQHandler
 .text.handle_reset
                0x00000000000002c4       0x82 ./Core/Startup/startup_ch32v20x_D6.o
                0x00000000000002c4                handle_reset
 .text.SysTick_Handler
                0x0000000000000346       0x5e ./Core/Src/ch32v203xx_it.o
                0x0000000000000346                SysTick_Handler
 .text.USART1_IRQHandler
                0x00000000000003a4       0xae ./Core/Src/ch32v203xx_it.o
                0x00000000000003a4                USART1_IRQHandler
 .text.USART2_IRQHandler
                0x0000000000000452       0xae ./Core/Src/ch32v203xx_it.o
                0x0000000000000452                USART2_IRQHandler
 .text.USART3_IRQHandler
                0x0000000000000500       0xae ./Core/Src/ch32v203xx_it.o
                0x0000000000000500                USART3_IRQHandler
 .text.TIM3_IRQHandler
                0x00000000000005ae       0x4a ./Core/Src/ch32v203xx_it.o
                0x00000000000005ae                TIM3_IRQHandler
 .text.NVIC_EnableIRQ
                0x00000000000005f8       0x32 ./Core/Src/ch32v20x_RVMSIS.o
 .text.NVIC_SetPriority
                0x000000000000062a       0x40 ./Core/Src/ch32v20x_RVMSIS.o
 .text.RVMSIS_Debug_init
                0x000000000000066a       0x70 ./Core/Src/ch32v20x_RVMSIS.o
                0x000000000000066a                RVMSIS_Debug_init
 .text.RVMSIS_RCC_SystemClock_144MHz
                0x00000000000006da      0x1a2 ./Core/Src/ch32v20x_RVMSIS.o
                0x00000000000006da                RVMSIS_RCC_SystemClock_144MHz
 .text.RVMSIS_SysTick_Timer_init
                0x000000000000087c       0x9a ./Core/Src/ch32v20x_RVMSIS.o
                0x000000000000087c                RVMSIS_SysTick_Timer_init
 .text.Delay_ms
                0x0000000000000916       0x22 ./Core/Src/ch32v20x_RVMSIS.o
                0x0000000000000916                Delay_ms
 .text.RVMSIS_GPIO_MODE_Set
                0x0000000000000938       0xae ./Core/Src/ch32v20x_RVMSIS.o
 .text.RVMSIS_GPIO_SPEED_Set
                0x00000000000009e6       0xb8 ./Core/Src/ch32v20x_RVMSIS.o
 .text.RVMSIS_GPIO_CNF_Set
                0x0000000000000a9e       0x96 ./Core/Src/ch32v20x_RVMSIS.o
 .text.RVMSIS_GPIO_Reg_Set
                0x0000000000000b34      0x178 ./Core/Src/ch32v20x_RVMSIS.o
 .text.RVMSIS_GPIO_init
                0x0000000000000cac      0x15a ./Core/Src/ch32v20x_RVMSIS.o
                0x0000000000000cac                RVMSIS_GPIO_init
 .text.RVMSIS_USART3_Init
                0x0000000000000e06      0x332 ./Core/Src/ch32v20x_RVMSIS.o
                0x0000000000000e06                RVMSIS_USART3_Init
 .text.RVMSIS_FLASH_Unlock
                0x0000000000001138       0x2a ./Core/Src/ch32v20x_RVMSIS.o
                0x0000000000001138                RVMSIS_FLASH_Unlock
 .text.RVMSIS_FLASH_Lock
                0x0000000000001162       0x1e ./Core/Src/ch32v20x_RVMSIS.o
                0x0000000000001162                RVMSIS_FLASH_Lock
 .text.RVMSIS_FLASH_Page_erase
                0x0000000000001180       0x6c ./Core/Src/ch32v20x_RVMSIS.o
                0x0000000000001180                RVMSIS_FLASH_Page_erase
 .text.RVMSIS_FLASH_Page_write
                0x00000000000011ec      0x166 ./Core/Src/ch32v20x_RVMSIS.o
                0x00000000000011ec                RVMSIS_FLASH_Page_write
 .text.RVMSIS_FLASH_Read_data
                0x0000000000001352       0xda ./Core/Src/ch32v20x_RVMSIS.o
                0x0000000000001352                RVMSIS_FLASH_Read_data
 .text.NVIC_GetPriority
                0x000000000000142c       0x2a ./Core/Src/main.o
 .text.main     0x0000000000001456      0x13c ./Core/Src/main.o
                0x0000000000001456                main
 .text._write   0x0000000000001592       0x76 ./Core/Src/syscalls.o
                0x0000000000001592                _write
 .text.printf   0x0000000000001608       0x44 c:/mounriver/mounriver_studio/toolchain/risc-v embedded gcc/bin/../lib/gcc/riscv-none-embed/8.2.0/../../../../riscv-none-embed/lib/rv32imacxw/ilp32\libg_nano.a(lib_a-printf.o)
                0x0000000000001608                iprintf
                0x0000000000001608                printf
 .text._puts_r  0x000000000000164c       0xd4 c:/mounriver/mounriver_studio/toolchain/risc-v embedded gcc/bin/../lib/gcc/riscv-none-embed/8.2.0/../../../../riscv-none-embed/lib/rv32imacxw/ilp32\libg_nano.a(lib_a-puts.o)
                0x000000000000164c                _puts_r
 .text.puts     0x0000000000001720        0xe c:/mounriver/mounriver_studio/toolchain/risc-v embedded gcc/bin/../lib/gcc/riscv-none-embed/8.2.0/../../../../riscv-none-embed/lib/rv32imacxw/ilp32\libg_nano.a(lib_a-puts.o)
                0x0000000000001720                puts
 .text.__swbuf_r
                0x000000000000172e       0xbc c:/mounriver/mounriver_studio/toolchain/risc-v embedded gcc/bin/../lib/gcc/riscv-none-embed/8.2.0/../../../../riscv-none-embed/lib/rv32imacxw/ilp32\libg_nano.a(lib_a-wbuf.o)
                0x000000000000172e                __swbuf_r
 .text.__swsetup_r
                0x00000000000017ea      0x100 c:/mounriver/mounriver_studio/toolchain/risc-v embedded gcc/bin/../lib/gcc/riscv-none-embed/8.2.0/../../../../riscv-none-embed/lib/rv32imacxw/ilp32\libg_nano.a(lib_a-wsetup.o)
                0x00000000000017ea                __swsetup_r
 .text.__sflush_r
                0x00000000000018ea      0x130 c:/mounriver/mounriver_studio/toolchain/risc-v embedded gcc/bin/../lib/gcc/riscv-none-embed/8.2.0/../../../../riscv-none-embed/lib/rv32imacxw/ilp32\libg_nano.a(lib_a-fflush.o)
                0x00000000000018ea                __sflush_r
 .text._fflush_r
                0x0000000000001a1a       0x64 c:/mounriver/mounriver_studio/toolchain/risc-v embedded gcc/bin/../lib/gcc/riscv-none-embed/8.2.0/../../../../riscv-none-embed/lib/rv32imacxw/ilp32\libg_nano.a(lib_a-fflush.o)
                0x0000000000001a1a                _fflush_r
 .text.std      0x0000000000001a7e       0x66 c:/mounriver/mounriver_studio/toolchain/risc-v embedded gcc/bin/../lib/gcc/riscv-none-embed/8.2.0/../../../../riscv-none-embed/lib/rv32imacxw/ilp32\libg_nano.a(lib_a-findfp.o)
 .text._cleanup_r
                0x0000000000001ae4        0xa c:/mounriver/mounriver_studio/toolchain/risc-v embedded gcc/bin/../lib/gcc/riscv-none-embed/8.2.0/../../../../riscv-none-embed/lib/rv32imacxw/ilp32\libg_nano.a(lib_a-findfp.o)
                0x0000000000001ae4                _cleanup_r
 .text.__sfmoreglue
                0x0000000000001aee       0x46 c:/mounriver/mounriver_studio/toolchain/risc-v embedded gcc/bin/../lib/gcc/riscv-none-embed/8.2.0/../../../../riscv-none-embed/lib/rv32imacxw/ilp32\libg_nano.a(lib_a-findfp.o)
                0x0000000000001aee                __sfmoreglue
 .text.__sinit  0x0000000000001b34       0x6a c:/mounriver/mounriver_studio/toolchain/risc-v embedded gcc/bin/../lib/gcc/riscv-none-embed/8.2.0/../../../../riscv-none-embed/lib/rv32imacxw/ilp32\libg_nano.a(lib_a-findfp.o)
                0x0000000000001b34                __sinit
 .text.__sfp    0x0000000000001b9e       0xa0 c:/mounriver/mounriver_studio/toolchain/risc-v embedded gcc/bin/../lib/gcc/riscv-none-embed/8.2.0/../../../../riscv-none-embed/lib/rv32imacxw/ilp32\libg_nano.a(lib_a-findfp.o)
                0x0000000000001b9e                __sfp
 .text._fwalk_reent
                0x0000000000001c3e       0x6a c:/mounriver/mounriver_studio/toolchain/risc-v embedded gcc/bin/../lib/gcc/riscv-none-embed/8.2.0/../../../../riscv-none-embed/lib/rv32imacxw/ilp32\libg_nano.a(lib_a-fwalk.o)
                0x0000000000001c3e                _fwalk_reent
 .text.__swhatbuf_r
                0x0000000000001ca8       0x58 c:/mounriver/mounriver_studio/toolchain/risc-v embedded gcc/bin/../lib/gcc/riscv-none-embed/8.2.0/../../../../riscv-none-embed/lib/rv32imacxw/ilp32\libg_nano.a(lib_a-makebuf.o)
                0x0000000000001ca8                __swhatbuf_r
 .text.__smakebuf_r
                0x0000000000001d00       0x90 c:/mounriver/mounriver_studio/toolchain/risc-v embedded gcc/bin/../lib/gcc/riscv-none-embed/8.2.0/../../../../riscv-none-embed/lib/rv32imacxw/ilp32\libg_nano.a(lib_a-makebuf.o)
                0x0000000000001d00                __smakebuf_r
 .text._free_r  0x0000000000001d90       0xa8 c:/mounriver/mounriver_studio/toolchain/risc-v embedded gcc/bin/../lib/gcc/riscv-none-embed/8.2.0/../../../../riscv-none-embed/lib/rv32imacxw/ilp32\libg_nano.a(lib_a-nano-freer.o)
                0x0000000000001d90                _free_r
 .text._malloc_r
                0x0000000000001e38       0xd4 c:/mounriver/mounriver_studio/toolchain/risc-v embedded gcc/bin/../lib/gcc/riscv-none-embed/8.2.0/../../../../riscv-none-embed/lib/rv32imacxw/ilp32\libg_nano.a(lib_a-nano-mallocr.o)
                0x0000000000001e38                _malloc_r
 .text.__sfputc_r
                0x0000000000001f0c       0x28 c:/mounriver/mounriver_studio/toolchain/risc-v embedded gcc/bin/../lib/gcc/riscv-none-embed/8.2.0/../../../../riscv-none-embed/lib/rv32imacxw/ilp32\libg_nano.a(lib_a-nano-vfprintf.o)
 .text.__sfputs_r
                0x0000000000001f34       0x40 c:/mounriver/mounriver_studio/toolchain/risc-v embedded gcc/bin/../lib/gcc/riscv-none-embed/8.2.0/../../../../riscv-none-embed/lib/rv32imacxw/ilp32\libg_nano.a(lib_a-nano-vfprintf.o)
                0x0000000000001f34                __sfputs_r
 .text._vfprintf_r
                0x0000000000001f74      0x284 c:/mounriver/mounriver_studio/toolchain/risc-v embedded gcc/bin/../lib/gcc/riscv-none-embed/8.2.0/../../../../riscv-none-embed/lib/rv32imacxw/ilp32\libg_nano.a(lib_a-nano-vfprintf.o)
                0x0000000000001f74                _vfprintf_r
                0x0000000000001f74                _vfiprintf_r
 .text._printf_common
                0x00000000000021f8      0x10c c:/mounriver/mounriver_studio/toolchain/risc-v embedded gcc/bin/../lib/gcc/riscv-none-embed/8.2.0/../../../../riscv-none-embed/lib/rv32imacxw/ilp32\libg_nano.a(lib_a-nano-vfprintf_i.o)
                0x00000000000021f8                _printf_common
 .text._printf_i
                0x0000000000002304      0x2a0 c:/mounriver/mounriver_studio/toolchain/risc-v embedded gcc/bin/../lib/gcc/riscv-none-embed/8.2.0/../../../../riscv-none-embed/lib/rv32imacxw/ilp32\libg_nano.a(lib_a-nano-vfprintf_i.o)
                0x0000000000002304                _printf_i
 .text._sbrk_r  0x00000000000025a4       0x28 c:/mounriver/mounriver_studio/toolchain/risc-v embedded gcc/bin/../lib/gcc/riscv-none-embed/8.2.0/../../../../riscv-none-embed/lib/rv32imacxw/ilp32\libg_nano.a(lib_a-sbrkr.o)
                0x00000000000025a4                _sbrk_r
 .text.__sread  0x00000000000025cc       0x2c c:/mounriver/mounriver_studio/toolchain/risc-v embedded gcc/bin/../lib/gcc/riscv-none-embed/8.2.0/../../../../riscv-none-embed/lib/rv32imacxw/ilp32\libg_nano.a(lib_a-stdio.o)
                0x00000000000025cc                __sread
 .text.__swrite
                0x00000000000025f8       0x48 c:/mounriver/mounriver_studio/toolchain/risc-v embedded gcc/bin/../lib/gcc/riscv-none-embed/8.2.0/../../../../riscv-none-embed/lib/rv32imacxw/ilp32\libg_nano.a(lib_a-stdio.o)
                0x00000000000025f8                __swrite
 .text.__sseek  0x0000000000002640       0x30 c:/mounriver/mounriver_studio/toolchain/risc-v embedded gcc/bin/../lib/gcc/riscv-none-embed/8.2.0/../../../../riscv-none-embed/lib/rv32imacxw/ilp32\libg_nano.a(lib_a-stdio.o)
                0x0000000000002640                __sseek
 .text.__sclose
                0x0000000000002670        0x6 c:/mounriver/mounriver_studio/toolchain/risc-v embedded gcc/bin/../lib/gcc/riscv-none-embed/8.2.0/../../../../riscv-none-embed/lib/rv32imacxw/ilp32\libg_nano.a(lib_a-stdio.o)
                0x0000000000002670                __sclose
 .text._write_r
                0x0000000000002676       0x2e c:/mounriver/mounriver_studio/toolchain/risc-v embedded gcc/bin/../lib/gcc/riscv-none-embed/8.2.0/../../../../riscv-none-embed/lib/rv32imacxw/ilp32\libg_nano.a(lib_a-writer.o)
                0x0000000000002676                _write_r
 .text._close_r
                0x00000000000026a4       0x28 c:/mounriver/mounriver_studio/toolchain/risc-v embedded gcc/bin/../lib/gcc/riscv-none-embed/8.2.0/../../../../riscv-none-embed/lib/rv32imacxw/ilp32\libg_nano.a(lib_a-closer.o)
                0x00000000000026a4                _close_r
 .text._fstat_r
                0x00000000000026cc       0x2a c:/mounriver/mounriver_studio/toolchain/risc-v embedded gcc/bin/../lib/gcc/riscv-none-embed/8.2.0/../../../../riscv-none-embed/lib/rv32imacxw/ilp32\libg_nano.a(lib_a-fstatr.o)
                0x00000000000026cc                _fstat_r
 .text._isatty_r
                0x00000000000026f6       0x28 c:/mounriver/mounriver_studio/toolchain/risc-v embedded gcc/bin/../lib/gcc/riscv-none-embed/8.2.0/../../../../riscv-none-embed/lib/rv32imacxw/ilp32\libg_nano.a(lib_a-isattyr.o)
                0x00000000000026f6                _isatty_r
 .text._lseek_r
                0x000000000000271e       0x2c c:/mounriver/mounriver_studio/toolchain/risc-v embedded gcc/bin/../lib/gcc/riscv-none-embed/8.2.0/../../../../riscv-none-embed/lib/rv32imacxw/ilp32\libg_nano.a(lib_a-lseekr.o)
                0x000000000000271e                _lseek_r
 .text.memchr   0x000000000000274a       0x18 c:/mounriver/mounriver_studio/toolchain/risc-v embedded gcc/bin/../lib/gcc/riscv-none-embed/8.2.0/../../../../riscv-none-embed/lib/rv32imacxw/ilp32\libg_nano.a(lib_a-memchr.o)
                0x000000000000274a                memchr
 .text.__malloc_lock
                0x0000000000002762        0x2 c:/mounriver/mounriver_studio/toolchain/risc-v embedded gcc/bin/../lib/gcc/riscv-none-embed/8.2.0/../../../../riscv-none-embed/lib/rv32imacxw/ilp32\libg_nano.a(lib_a-mlock.o)
                0x0000000000002762                __malloc_lock
 .text.__malloc_unlock
                0x0000000000002764        0x2 c:/mounriver/mounriver_studio/toolchain/risc-v embedded gcc/bin/../lib/gcc/riscv-none-embed/8.2.0/../../../../riscv-none-embed/lib/rv32imacxw/ilp32\libg_nano.a(lib_a-mlock.o)
                0x0000000000002764                __malloc_unlock
 .text._read_r  0x0000000000002766       0x2c c:/mounriver/mounriver_studio/toolchain/risc-v embedded gcc/bin/../lib/gcc/riscv-none-embed/8.2.0/../../../../riscv-none-embed/lib/rv32imacxw/ilp32\libg_nano.a(lib_a-readr.o)
                0x0000000000002766                _read_r
 .text._close   0x0000000000002792        0xc c:/mounriver/mounriver_studio/toolchain/risc-v embedded gcc/bin/../lib/gcc/riscv-none-embed/8.2.0/../../../../riscv-none-embed/lib/rv32imacxw/ilp32\libnosys.a(close.o)
                0x0000000000002792                _close
 .text._fstat   0x000000000000279e        0xc c:/mounriver/mounriver_studio/toolchain/risc-v embedded gcc/bin/../lib/gcc/riscv-none-embed/8.2.0/../../../../riscv-none-embed/lib/rv32imacxw/ilp32\libnosys.a(fstat.o)
                0x000000000000279e                _fstat
 .text._isatty  0x00000000000027aa        0xc c:/mounriver/mounriver_studio/toolchain/risc-v embedded gcc/bin/../lib/gcc/riscv-none-embed/8.2.0/../../../../riscv-none-embed/lib/rv32imacxw/ilp32\libnosys.a(isatty.o)
                0x00000000000027aa                _isatty
 .text._lseek   0x00000000000027b6        0xc c:/mounriver/mounriver_studio/toolchain/risc-v embedded gcc/bin/../lib/gcc/riscv-none-embed/8.2.0/../../../../riscv-none-embed/lib/rv32imacxw/ilp32\libnosys.a(lseek.o)
                0x00000000000027b6                _lseek
 .text._read    0x00000000000027c2        0xc c:/mounriver/mounriver_studio/toolchain/risc-v embedded gcc/bin/../lib/gcc/riscv-none-embed/8.2.0/../../../../riscv-none-embed/lib/rv32imacxw/ilp32\libnosys.a(read.o)
                0x00000000000027c2                _read
 .text._sbrk    0x00000000000027ce       0x20 c:/mounriver/mounriver_studio/toolchain/risc-v embedded gcc/bin/../lib/gcc/riscv-none-embed/8.2.0/../../../../riscv-none-embed/lib/rv32imacxw/ilp32\libnosys.a(sbrk.o)
                0x00000000000027ce                _sbrk
 *(.rodata)
 *fill*         0x00000000000027ee        0x2 
 .rodata        0x00000000000027f0       0x38 ./Core/Src/main.o
 *(.rodata*)
 .rodata.__sf_fake_stderr
                0x0000000000002828       0x20 c:/mounriver/mounriver_studio/toolchain/risc-v embedded gcc/bin/../lib/gcc/riscv-none-embed/8.2.0/../../../../riscv-none-embed/lib/rv32imacxw/ilp32\libg_nano.a(lib_a-findfp.o)
                0x0000000000002828                __sf_fake_stderr
 .rodata.__sf_fake_stdin
                0x0000000000002848       0x20 c:/mounriver/mounriver_studio/toolchain/risc-v embedded gcc/bin/../lib/gcc/riscv-none-embed/8.2.0/../../../../riscv-none-embed/lib/rv32imacxw/ilp32\libg_nano.a(lib_a-findfp.o)
                0x0000000000002848                __sf_fake_stdin
 .rodata.__sf_fake_stdout
                0x0000000000002868       0x20 c:/mounriver/mounriver_studio/toolchain/risc-v embedded gcc/bin/../lib/gcc/riscv-none-embed/8.2.0/../../../../riscv-none-embed/lib/rv32imacxw/ilp32\libg_nano.a(lib_a-findfp.o)
                0x0000000000002868                __sf_fake_stdout
 .rodata._vfprintf_r.str1.4
                0x0000000000002888       0x13 c:/mounriver/mounriver_studio/toolchain/risc-v embedded gcc/bin/../lib/gcc/riscv-none-embed/8.2.0/../../../../riscv-none-embed/lib/rv32imacxw/ilp32\libg_nano.a(lib_a-nano-vfprintf.o)
 *fill*         0x000000000000289b        0x1 
 .rodata._printf_i.str1.4
                0x000000000000289c       0x28 c:/mounriver/mounriver_studio/toolchain/risc-v embedded gcc/bin/../lib/gcc/riscv-none-embed/8.2.0/../../../../riscv-none-embed/lib/rv32imacxw/ilp32\libg_nano.a(lib_a-nano-vfprintf_i.o)
                                         0x25 (size before relaxing)
 *(.glue_7)
 *(.glue_7t)
 *(.gnu.linkonce.t.*)
                0x00000000000028c4                . = ALIGN (0x4)

.rela.dyn       0x00000000000028c4        0x0
 .rela.init     0x00000000000028c4        0x0 ./Drivers/src/ch32v20x_usart.o
 .rela.vector   0x00000000000028c4        0x0 ./Drivers/src/ch32v20x_usart.o
 .rela.text.handle_reset
                0x00000000000028c4        0x0 ./Drivers/src/ch32v20x_usart.o
 .rela.text._vfprintf_r
                0x00000000000028c4        0x0 ./Drivers/src/ch32v20x_usart.o
 .rela.text._sbrk_r
                0x00000000000028c4        0x0 ./Drivers/src/ch32v20x_usart.o
 .rela.text._write_r
                0x00000000000028c4        0x0 ./Drivers/src/ch32v20x_usart.o
 .rela.text._close_r
                0x00000000000028c4        0x0 ./Drivers/src/ch32v20x_usart.o
 .rela.text._fstat_r
                0x00000000000028c4        0x0 ./Drivers/src/ch32v20x_usart.o
 .rela.text._isatty_r
                0x00000000000028c4        0x0 ./Drivers/src/ch32v20x_usart.o
 .rela.text._lseek_r
                0x00000000000028c4        0x0 ./Drivers/src/ch32v20x_usart.o
 .rela.text._read_r
                0x00000000000028c4        0x0 ./Drivers/src/ch32v20x_usart.o
 .rela.text._close
                0x00000000000028c4        0x0 ./Drivers/src/ch32v20x_usart.o
 .rela.text._fstat
                0x00000000000028c4        0x0 ./Drivers/src/ch32v20x_usart.o
 .rela.text._isatty
                0x00000000000028c4        0x0 ./Drivers/src/ch32v20x_usart.o
 .rela.text._lseek
                0x00000000000028c4        0x0 ./Drivers/src/ch32v20x_usart.o
 .rela.text._read
                0x00000000000028c4        0x0 ./Drivers/src/ch32v20x_usart.o
 .rela.text._sbrk
                0x00000000000028c4        0x0 ./Drivers/src/ch32v20x_usart.o

.fini           0x00000000000028c4        0x0
 *(SORT_NONE(.fini))
                0x00000000000028c4                . = ALIGN (0x4)
                [!provide]                        PROVIDE (_etext = .)
                [!provide]                        PROVIDE (_eitcm = .)

.preinit_array  0x00000000000028c4        0x0
                [!provide]                        PROVIDE (__preinit_array_start = .)
 *(.preinit_array)
                [!provide]                        PROVIDE (__preinit_array_end = .)

.init_array     0x00000000000028c4        0x0
                [!provide]                        PROVIDE (__init_array_start = .)
 *(SORT_BY_INIT_PRIORITY(.init_array.*) SORT_BY_INIT_PRIORITY(.ctors.*))
 *(.init_array EXCLUDE_FILE(*crtend?.o *crtend.o *crtbegin?.o *crtbegin.o) .ctors)
                [!provide]                        PROVIDE (__init_array_end = .)

.fini_array     0x00000000000028c4        0x0
                [!provide]                        PROVIDE (__fini_array_start = .)
 *(SORT_BY_INIT_PRIORITY(.fini_array.*) SORT_BY_INIT_PRIORITY(.dtors.*))
 *(.fini_array EXCLUDE_FILE(*crtend?.o *crtend.o *crtbegin?.o *crtbegin.o) .dtors)
                [!provide]                        PROVIDE (__fini_array_end = .)

.ctors
 *crtbegin.o(.ctors)
 *crtbegin?.o(.ctors)
 *(EXCLUDE_FILE(*crtend?.o *crtend.o) .ctors)
 *(SORT_BY_NAME(.ctors.*))
 *(.ctors)

.dtors
 *crtbegin.o(.dtors)
 *crtbegin?.o(.dtors)
 *(EXCLUDE_FILE(*crtend?.o *crtend.o) .dtors)
 *(SORT_BY_NAME(.dtors.*))
 *(.dtors)

.dalign         0x0000000020000000        0x0 load address 0x00000000000028c4
                0x0000000020000000                . = ALIGN (0x4)
                0x0000000020000000                PROVIDE (_data_vma = .)

.dlalign        0x00000000000028c4        0x0
                0x00000000000028c4                . = ALIGN (0x4)
                0x00000000000028c4                PROVIDE (_data_lma = .)

.data           0x0000000020000000       0x68 load address 0x00000000000028c4
 *(.gnu.linkonce.r.*)
 *(.data .data.*)
 .data.impure_data
                0x0000000020000000       0x60 c:/mounriver/mounriver_studio/toolchain/risc-v embedded gcc/bin/../lib/gcc/riscv-none-embed/8.2.0/../../../../riscv-none-embed/lib/rv32imacxw/ilp32\libg_nano.a(lib_a-impure.o)
 *(.gnu.linkonce.d.*)
                0x0000000020000060                . = ALIGN (0x8)
                0x0000000020000860                PROVIDE (__global_pointer$ = (. + 0x800))
 *(.sdata .sdata.*)
 .sdata._impure_ptr
                0x0000000020000060        0x4 c:/mounriver/mounriver_studio/toolchain/risc-v embedded gcc/bin/../lib/gcc/riscv-none-embed/8.2.0/../../../../riscv-none-embed/lib/rv32imacxw/ilp32\libg_nano.a(lib_a-impure.o)
                0x0000000020000060                _impure_ptr
 *(.sdata2.*)
 .sdata2._global_impure_ptr
                0x0000000020000064        0x4 c:/mounriver/mounriver_studio/toolchain/risc-v embedded gcc/bin/../lib/gcc/riscv-none-embed/8.2.0/../../../../riscv-none-embed/lib/rv32imacxw/ilp32\libg_nano.a(lib_a-impure.o)
                0x0000000020000064                _global_impure_ptr
 *(.gnu.linkonce.s.*)
                0x0000000020000068                . = ALIGN (0x8)
 *(.srodata.cst16)
 *(.srodata.cst8)
 *(.srodata.cst4)
 *(.srodata.cst2)
 *(.srodata .srodata.*)
                0x0000000020000068                . = ALIGN (0x4)
                0x0000000020000068                PROVIDE (_edata = .)

.bss            0x0000000020000068       0x84 load address 0x000000000000292c
                0x0000000020000068                . = ALIGN (0x4)
                0x0000000020000068                PROVIDE (_sbss = .)
 *(.sbss*)
 .sbss.SysTimer_ms
                0x0000000020000068        0x4 ./Core/Src/ch32v20x_RVMSIS.o
                0x0000000020000068                SysTimer_ms
 .sbss.Delay_counter_ms
                0x000000002000006c        0x4 ./Core/Src/ch32v20x_RVMSIS.o
                0x000000002000006c                Delay_counter_ms
 .sbss.Timeout_counter_ms
                0x0000000020000070        0x4 ./Core/Src/ch32v20x_RVMSIS.o
                0x0000000020000070                Timeout_counter_ms
 .sbss.Priority
                0x0000000020000074        0x1 ./Core/Src/main.o
                0x0000000020000074                Priority
 *fill*         0x0000000020000075        0x3 
 .sbss.Counter  0x0000000020000078        0x4 ./Core/Src/main.o
                0x0000000020000078                Counter
 .sbss.__malloc_free_list
                0x000000002000007c        0x4 c:/mounriver/mounriver_studio/toolchain/risc-v embedded gcc/bin/../lib/gcc/riscv-none-embed/8.2.0/../../../../riscv-none-embed/lib/rv32imacxw/ilp32\libg_nano.a(lib_a-nano-mallocr.o)
                0x000000002000007c                __malloc_free_list
 .sbss.__malloc_sbrk_start
                0x0000000020000080        0x4 c:/mounriver/mounriver_studio/toolchain/risc-v embedded gcc/bin/../lib/gcc/riscv-none-embed/8.2.0/../../../../riscv-none-embed/lib/rv32imacxw/ilp32\libg_nano.a(lib_a-nano-mallocr.o)
                0x0000000020000080                __malloc_sbrk_start
 .sbss.heap_end.1518
                0x0000000020000084        0x4 c:/mounriver/mounriver_studio/toolchain/risc-v embedded gcc/bin/../lib/gcc/riscv-none-embed/8.2.0/../../../../riscv-none-embed/lib/rv32imacxw/ilp32\libnosys.a(sbrk.o)
 *(.gnu.linkonce.sb.*)
 *(.bss*)
 .bss.husart1   0x0000000020000088       0x18 ./Core/Src/ch32v20x_RVMSIS.o
                0x0000000020000088                husart1
 .bss.husart2   0x00000000200000a0       0x18 ./Core/Src/ch32v20x_RVMSIS.o
                0x00000000200000a0                husart2
 .bss.husart3   0x00000000200000b8       0x18 ./Core/Src/ch32v20x_RVMSIS.o
                0x00000000200000b8                husart3
 .bss.Flash_data_CH32
                0x00000000200000d0        0xb ./Core/Src/main.o
                0x00000000200000d0                Flash_data_CH32
 *fill*         0x00000000200000db        0x1 
 .bss.Flash_data_CH32_read
                0x00000000200000dc        0xb ./Core/Src/main.o
                0x00000000200000dc                Flash_data_CH32_read
 *(.gnu.linkonce.b.*)
 *(COMMON*)
 *fill*         0x00000000200000e7        0x1 
 COMMON         0x00000000200000e8        0x4 c:/mounriver/mounriver_studio/toolchain/risc-v embedded gcc/bin/../lib/gcc/riscv-none-embed/8.2.0/../../../../riscv-none-embed/lib/rv32imacxw/ilp32\libg_nano.a(lib_a-reent.o)
                0x00000000200000e8                errno
                0x00000000200000ec                . = ALIGN (0x4)
                0x00000000200000ec                PROVIDE (_ebss = .)
                [!provide]                        PROVIDE (_end = _ebss)
                0x00000000200000ec                PROVIDE (end = .)

.stack          0x0000000020004e00      0x200
                [!provide]                        PROVIDE (_heap_end = .)
                0x0000000020004e00                . = ALIGN (0x4)
                [!provide]                        PROVIDE (_susrstack = .)
                0x0000000020005000                . = (. + __stack_size)
 *fill*         0x0000000020004e00      0x200 
                0x0000000020005000                PROVIDE (_eusrstack = .)
OUTPUT(example.elf elf32-littleriscv)

.debug_info     0x0000000000000000     0x43c5
 .debug_info    0x0000000000000000      0xa46 ./Drivers/src/ch32v20x_usart.o
 .debug_info    0x0000000000000a46       0x22 ./Core/Startup/startup_ch32v20x_D6.o
 .debug_info    0x0000000000000a68      0x550 ./Core/Src/ch32v203xx_it.o
 .debug_info    0x0000000000000fb8     0x1aae ./Core/Src/ch32v20x_RVMSIS.o
 .debug_info    0x0000000000002a66      0xebe ./Core/Src/main.o
 .debug_info    0x0000000000003924      0xaa1 ./Core/Src/syscalls.o

.debug_abbrev   0x0000000000000000      0xac7
 .debug_abbrev  0x0000000000000000      0x1a1 ./Drivers/src/ch32v20x_usart.o
 .debug_abbrev  0x00000000000001a1       0x12 ./Core/Startup/startup_ch32v20x_D6.o
 .debug_abbrev  0x00000000000001b3      0x113 ./Core/Src/ch32v203xx_it.o
 .debug_abbrev  0x00000000000002c6      0x370 ./Core/Src/ch32v20x_RVMSIS.o
 .debug_abbrev  0x0000000000000636      0x260 ./Core/Src/main.o
 .debug_abbrev  0x0000000000000896      0x231 ./Core/Src/syscalls.o

.debug_aranges  0x0000000000000000      0x350
 .debug_aranges
                0x0000000000000000      0x100 ./Drivers/src/ch32v20x_usart.o
 .debug_aranges
                0x0000000000000100       0x30 ./Core/Startup/startup_ch32v20x_D6.o
 .debug_aranges
                0x0000000000000130       0x40 ./Core/Src/ch32v203xx_it.o
 .debug_aranges
                0x0000000000000170      0x198 ./Core/Src/ch32v20x_RVMSIS.o
 .debug_aranges
                0x0000000000000308       0x28 ./Core/Src/main.o
 .debug_aranges
                0x0000000000000330       0x20 ./Core/Src/syscalls.o

.debug_ranges   0x0000000000000000      0x2f8
 .debug_ranges  0x0000000000000000       0xf0 ./Drivers/src/ch32v20x_usart.o
 .debug_ranges  0x00000000000000f0       0x28 ./Core/Startup/startup_ch32v20x_D6.o
 .debug_ranges  0x0000000000000118       0x30 ./Core/Src/ch32v203xx_it.o
 .debug_ranges  0x0000000000000148      0x188 ./Core/Src/ch32v20x_RVMSIS.o
 .debug_ranges  0x00000000000002d0       0x18 ./Core/Src/main.o
 .debug_ranges  0x00000000000002e8       0x10 ./Core/Src/syscalls.o

.debug_macro    0x0000000000000000     0x174b
 .debug_macro   0x0000000000000000      0x1f5 ./Drivers/src/ch32v20x_usart.o
 .debug_macro   0x00000000000001f5      0x158 ./Drivers/src/ch32v20x_usart.o
 .debug_macro   0x000000000000034d      0x16b ./Core/Src/ch32v203xx_it.o
 .debug_macro   0x00000000000004b8       0x22 ./Core/Src/ch32v203xx_it.o
 .debug_macro   0x00000000000004da       0x1c ./Core/Src/ch32v203xx_it.o
 .debug_macro   0x00000000000004f6      0x16b ./Core/Src/ch32v20x_RVMSIS.o
 .debug_macro   0x0000000000000661      0x261 ./Core/Src/main.o
 .debug_macro   0x00000000000008c2       0x58 ./Core/Src/main.o
 .debug_macro   0x000000000000091a       0x19 ./Core/Src/main.o
 .debug_macro   0x0000000000000933       0x34 ./Core/Src/main.o
 .debug_macro   0x0000000000000967       0x34 ./Core/Src/main.o
 .debug_macro   0x000000000000099b       0x16 ./Core/Src/main.o
 .debug_macro   0x00000000000009b1       0x97 ./Core/Src/main.o
 .debug_macro   0x0000000000000a48      0x330 ./Core/Src/main.o
 .debug_macro   0x0000000000000d78       0xfd ./Core/Src/main.o
 .debug_macro   0x0000000000000e75       0x10 ./Core/Src/main.o
 .debug_macro   0x0000000000000e85       0x58 ./Core/Src/main.o
 .debug_macro   0x0000000000000edd       0x1f ./Core/Src/main.o
 .debug_macro   0x0000000000000efc       0x43 ./Core/Src/main.o
 .debug_macro   0x0000000000000f3f       0x20 ./Core/Src/main.o
 .debug_macro   0x0000000000000f5f      0x18e ./Core/Src/main.o
 .debug_macro   0x00000000000010ed       0x10 ./Core/Src/main.o
 .debug_macro   0x00000000000010fd       0xb6 ./Core/Src/main.o
 .debug_macro   0x00000000000011b3       0x16 ./Core/Src/main.o
 .debug_macro   0x00000000000011c9      0x129 ./Core/Src/main.o
 .debug_macro   0x00000000000012f2      0x284 ./Core/Src/syscalls.o
 .debug_macro   0x0000000000001576      0x174 ./Core/Src/syscalls.o
 .debug_macro   0x00000000000016ea       0x10 ./Core/Src/syscalls.o
 .debug_macro   0x00000000000016fa       0x35 ./Core/Src/syscalls.o
 .debug_macro   0x000000000000172f       0x1c ./Core/Src/syscalls.o

.debug_line     0x0000000000000000     0x4cf0
 .debug_line    0x0000000000000000      0xd7f ./Drivers/src/ch32v20x_usart.o
 .debug_line    0x0000000000000d7f      0x25e ./Core/Startup/startup_ch32v20x_D6.o
 .debug_line    0x0000000000000fdd      0x651 ./Core/Src/ch32v203xx_it.o
 .debug_line    0x000000000000162e     0x2bb5 ./Core/Src/ch32v20x_RVMSIS.o
 .debug_line    0x00000000000041e3      0x5ba ./Core/Src/main.o
 .debug_line    0x000000000000479d      0x553 ./Core/Src/syscalls.o

.debug_str      0x0000000000000000    0x336f0
 .debug_str     0x0000000000000000    0x2f340 ./Drivers/src/ch32v20x_usart.o
                                      0x2f4eb (size before relaxing)
 .debug_str     0x000000000002f340       0x32 ./Core/Startup/startup_ch32v20x_D6.o
                                         0x57 (size before relaxing)
 .debug_str     0x000000000002f372      0x325 ./Core/Src/ch32v203xx_it.o
                                      0x2ef42 (size before relaxing)
 .debug_str     0x000000000002f697      0xaaf ./Core/Src/ch32v20x_RVMSIS.o
                                      0x2fa2a (size before relaxing)
 .debug_str     0x0000000000030146     0x3532 ./Core/Src/main.o
                                      0x327b4 (size before relaxing)
 .debug_str     0x0000000000033678       0x78 ./Core/Src/syscalls.o
                                      0x32323 (size before relaxing)

.comment        0x0000000000000000       0x33
 .comment       0x0000000000000000       0x33 ./Drivers/src/ch32v20x_usart.o
                                         0x34 (size before relaxing)
 .comment       0x0000000000000033       0x34 ./Core/Src/ch32v203xx_it.o
 .comment       0x0000000000000033       0x34 ./Core/Src/ch32v20x_RVMSIS.o
 .comment       0x0000000000000033       0x34 ./Core/Src/main.o
 .comment       0x0000000000000033       0x34 ./Core/Src/syscalls.o

.debug_frame    0x0000000000000000     0x1540
 .debug_frame   0x0000000000000000      0x3bc ./Drivers/src/ch32v20x_usart.o
 .debug_frame   0x00000000000003bc       0xe4 ./Core/Src/ch32v203xx_it.o
 .debug_frame   0x00000000000004a0      0x6ec ./Core/Src/ch32v20x_RVMSIS.o
 .debug_frame   0x0000000000000b8c       0x4c ./Core/Src/main.o
 .debug_frame   0x0000000000000bd8       0x34 ./Core/Src/syscalls.o
 .debug_frame   0x0000000000000c0c       0x54 c:/mounriver/mounriver_studio/toolchain/risc-v embedded gcc/bin/../lib/gcc/riscv-none-embed/8.2.0/../../../../riscv-none-embed/lib/rv32imacxw/ilp32\libg_nano.a(lib_a-printf.o)
 .debug_frame   0x0000000000000c60       0x54 c:/mounriver/mounriver_studio/toolchain/risc-v embedded gcc/bin/../lib/gcc/riscv-none-embed/8.2.0/../../../../riscv-none-embed/lib/rv32imacxw/ilp32\libg_nano.a(lib_a-puts.o)
 .debug_frame   0x0000000000000cb4       0x50 c:/mounriver/mounriver_studio/toolchain/risc-v embedded gcc/bin/../lib/gcc/riscv-none-embed/8.2.0/../../../../riscv-none-embed/lib/rv32imacxw/ilp32\libg_nano.a(lib_a-wbuf.o)
 .debug_frame   0x0000000000000d04       0x3c c:/mounriver/mounriver_studio/toolchain/risc-v embedded gcc/bin/../lib/gcc/riscv-none-embed/8.2.0/../../../../riscv-none-embed/lib/rv32imacxw/ilp32\libg_nano.a(lib_a-wsetup.o)
 .debug_frame   0x0000000000000d40       0x7c c:/mounriver/mounriver_studio/toolchain/risc-v embedded gcc/bin/../lib/gcc/riscv-none-embed/8.2.0/../../../../riscv-none-embed/lib/rv32imacxw/ilp32\libg_nano.a(lib_a-fflush.o)
 .debug_frame   0x0000000000000dbc      0x148 c:/mounriver/mounriver_studio/toolchain/risc-v embedded gcc/bin/../lib/gcc/riscv-none-embed/8.2.0/../../../../riscv-none-embed/lib/rv32imacxw/ilp32\libg_nano.a(lib_a-findfp.o)
 .debug_frame   0x0000000000000f04       0x88 c:/mounriver/mounriver_studio/toolchain/risc-v embedded gcc/bin/../lib/gcc/riscv-none-embed/8.2.0/../../../../riscv-none-embed/lib/rv32imacxw/ilp32\libg_nano.a(lib_a-fwalk.o)
 .debug_frame   0x0000000000000f8c       0x64 c:/mounriver/mounriver_studio/toolchain/risc-v embedded gcc/bin/../lib/gcc/riscv-none-embed/8.2.0/../../../../riscv-none-embed/lib/rv32imacxw/ilp32\libg_nano.a(lib_a-makebuf.o)
 .debug_frame   0x0000000000000ff0       0x40 c:/mounriver/mounriver_studio/toolchain/risc-v embedded gcc/bin/../lib/gcc/riscv-none-embed/8.2.0/../../../../riscv-none-embed/lib/rv32imacxw/ilp32\libg_nano.a(lib_a-nano-freer.o)
 .debug_frame   0x0000000000001030       0x40 c:/mounriver/mounriver_studio/toolchain/risc-v embedded gcc/bin/../lib/gcc/riscv-none-embed/8.2.0/../../../../riscv-none-embed/lib/rv32imacxw/ilp32\libg_nano.a(lib_a-nano-mallocr.o)
 .debug_frame   0x0000000000001070       0xd0 c:/mounriver/mounriver_studio/toolchain/risc-v embedded gcc/bin/../lib/gcc/riscv-none-embed/8.2.0/../../../../riscv-none-embed/lib/rv32imacxw/ilp32\libg_nano.a(lib_a-nano-vfprintf.o)
 .debug_frame   0x0000000000001140       0x8c c:/mounriver/mounriver_studio/toolchain/risc-v embedded gcc/bin/../lib/gcc/riscv-none-embed/8.2.0/../../../../riscv-none-embed/lib/rv32imacxw/ilp32\libg_nano.a(lib_a-nano-vfprintf_i.o)
 .debug_frame   0x00000000000011cc       0x30 c:/mounriver/mounriver_studio/toolchain/risc-v embedded gcc/bin/../lib/gcc/riscv-none-embed/8.2.0/../../../../riscv-none-embed/lib/rv32imacxw/ilp32\libg_nano.a(lib_a-sbrkr.o)
 .debug_frame   0x00000000000011fc       0xa4 c:/mounriver/mounriver_studio/toolchain/risc-v embedded gcc/bin/../lib/gcc/riscv-none-embed/8.2.0/../../../../riscv-none-embed/lib/rv32imacxw/ilp32\libg_nano.a(lib_a-stdio.o)
 .debug_frame   0x00000000000012a0       0x30 c:/mounriver/mounriver_studio/toolchain/risc-v embedded gcc/bin/../lib/gcc/riscv-none-embed/8.2.0/../../../../riscv-none-embed/lib/rv32imacxw/ilp32\libg_nano.a(lib_a-writer.o)
 .debug_frame   0x00000000000012d0       0x30 c:/mounriver/mounriver_studio/toolchain/risc-v embedded gcc/bin/../lib/gcc/riscv-none-embed/8.2.0/../../../../riscv-none-embed/lib/rv32imacxw/ilp32\libg_nano.a(lib_a-closer.o)
 .debug_frame   0x0000000000001300       0x30 c:/mounriver/mounriver_studio/toolchain/risc-v embedded gcc/bin/../lib/gcc/riscv-none-embed/8.2.0/../../../../riscv-none-embed/lib/rv32imacxw/ilp32\libg_nano.a(lib_a-fstatr.o)
 .debug_frame   0x0000000000001330       0x30 c:/mounriver/mounriver_studio/toolchain/risc-v embedded gcc/bin/../lib/gcc/riscv-none-embed/8.2.0/../../../../riscv-none-embed/lib/rv32imacxw/ilp32\libg_nano.a(lib_a-isattyr.o)
 .debug_frame   0x0000000000001360       0x30 c:/mounriver/mounriver_studio/toolchain/risc-v embedded gcc/bin/../lib/gcc/riscv-none-embed/8.2.0/../../../../riscv-none-embed/lib/rv32imacxw/ilp32\libg_nano.a(lib_a-lseekr.o)
 .debug_frame   0x0000000000001390       0x20 c:/mounriver/mounriver_studio/toolchain/risc-v embedded gcc/bin/../lib/gcc/riscv-none-embed/8.2.0/../../../../riscv-none-embed/lib/rv32imacxw/ilp32\libg_nano.a(lib_a-memchr.o)
 .debug_frame   0x00000000000013b0       0x30 c:/mounriver/mounriver_studio/toolchain/risc-v embedded gcc/bin/../lib/gcc/riscv-none-embed/8.2.0/../../../../riscv-none-embed/lib/rv32imacxw/ilp32\libg_nano.a(lib_a-mlock.o)
 .debug_frame   0x00000000000013e0       0x30 c:/mounriver/mounriver_studio/toolchain/risc-v embedded gcc/bin/../lib/gcc/riscv-none-embed/8.2.0/../../../../riscv-none-embed/lib/rv32imacxw/ilp32\libg_nano.a(lib_a-readr.o)
 .debug_frame   0x0000000000001410       0x70 c:/mounriver/mounriver_studio/toolchain/risc-v embedded gcc/bin/../lib/gcc/riscv-none-embed/8.2.0/../../../../riscv-none-embed/lib/rv32imacxw/ilp32\libg_nano.a(lib_a-reent.o)
 .debug_frame   0x0000000000001480       0x20 c:/mounriver/mounriver_studio/toolchain/risc-v embedded gcc/bin/../lib/gcc/riscv-none-embed/8.2.0/../../../../riscv-none-embed/lib/rv32imacxw/ilp32\libnosys.a(close.o)
 .debug_frame   0x00000000000014a0       0x20 c:/mounriver/mounriver_studio/toolchain/risc-v embedded gcc/bin/../lib/gcc/riscv-none-embed/8.2.0/../../../../riscv-none-embed/lib/rv32imacxw/ilp32\libnosys.a(fstat.o)
 .debug_frame   0x00000000000014c0       0x20 c:/mounriver/mounriver_studio/toolchain/risc-v embedded gcc/bin/../lib/gcc/riscv-none-embed/8.2.0/../../../../riscv-none-embed/lib/rv32imacxw/ilp32\libnosys.a(isatty.o)
 .debug_frame   0x00000000000014e0       0x20 c:/mounriver/mounriver_studio/toolchain/risc-v embedded gcc/bin/../lib/gcc/riscv-none-embed/8.2.0/../../../../riscv-none-embed/lib/rv32imacxw/ilp32\libnosys.a(lseek.o)
 .debug_frame   0x0000000000001500       0x20 c:/mounriver/mounriver_studio/toolchain/risc-v embedded gcc/bin/../lib/gcc/riscv-none-embed/8.2.0/../../../../riscv-none-embed/lib/rv32imacxw/ilp32\libnosys.a(read.o)
 .debug_frame   0x0000000000001520       0x20 c:/mounriver/mounriver_studio/toolchain/risc-v embedded gcc/bin/../lib/gcc/riscv-none-embed/8.2.0/../../../../riscv-none-embed/lib/rv32imacxw/ilp32\libnosys.a(sbrk.o)

.stab           0x0000000000000000       0x84
 .stab          0x0000000000000000       0x24 c:/mounriver/mounriver_studio/toolchain/risc-v embedded gcc/bin/../lib/gcc/riscv-none-embed/8.2.0/../../../../riscv-none-embed/lib/rv32imacxw/ilp32\libnosys.a(close.o)
 .stab          0x0000000000000024       0x18 c:/mounriver/mounriver_studio/toolchain/risc-v embedded gcc/bin/../lib/gcc/riscv-none-embed/8.2.0/../../../../riscv-none-embed/lib/rv32imacxw/ilp32\libnosys.a(fstat.o)
                                         0x24 (size before relaxing)
 .stab          0x000000000000003c       0x18 c:/mounriver/mounriver_studio/toolchain/risc-v embedded gcc/bin/../lib/gcc/riscv-none-embed/8.2.0/../../../../riscv-none-embed/lib/rv32imacxw/ilp32\libnosys.a(isatty.o)
                                         0x24 (size before relaxing)
 .stab          0x0000000000000054       0x18 c:/mounriver/mounriver_studio/toolchain/risc-v embedded gcc/bin/../lib/gcc/riscv-none-embed/8.2.0/../../../../riscv-none-embed/lib/rv32imacxw/ilp32\libnosys.a(lseek.o)
                                         0x24 (size before relaxing)
 .stab          0x000000000000006c       0x18 c:/mounriver/mounriver_studio/toolchain/risc-v embedded gcc/bin/../lib/gcc/riscv-none-embed/8.2.0/../../../../riscv-none-embed/lib/rv32imacxw/ilp32\libnosys.a(read.o)
                                         0x24 (size before relaxing)

.stabstr        0x0000000000000000      0x117
 .stabstr       0x0000000000000000      0x117 c:/mounriver/mounriver_studio/toolchain/risc-v embedded gcc/bin/../lib/gcc/riscv-none-embed/8.2.0/../../../../riscv-none-embed/lib/rv32imacxw/ilp32\libnosys.a(close.o)
