
Discarded input sections

 .group         0x0000000000000000        0xc ./Drivers/src/ch32v00x_adc.o
 .group         0x0000000000000000        0xc ./Drivers/src/ch32v00x_adc.o
 .group         0x0000000000000000        0xc ./Drivers/src/ch32v00x_adc.o
 .group         0x0000000000000000        0xc ./Drivers/src/ch32v00x_adc.o
 .group         0x0000000000000000        0xc ./Drivers/src/ch32v00x_adc.o
 .group         0x0000000000000000        0xc ./Drivers/src/ch32v00x_adc.o
 .group         0x0000000000000000        0xc ./Drivers/src/ch32v00x_adc.o
 .group         0x0000000000000000        0xc ./Drivers/src/ch32v00x_adc.o
 .group         0x0000000000000000        0xc ./Drivers/src/ch32v00x_adc.o
 .group         0x0000000000000000        0xc ./Drivers/src/ch32v00x_adc.o
 .group         0x0000000000000000        0xc ./Drivers/src/ch32v00x_adc.o
 .group         0x0000000000000000        0xc ./Drivers/src/ch32v00x_adc.o
 .text          0x0000000000000000        0x0 ./Drivers/src/ch32v00x_adc.o
 .data          0x0000000000000000        0x0 ./Drivers/src/ch32v00x_adc.o
 .bss           0x0000000000000000        0x0 ./Drivers/src/ch32v00x_adc.o
 .text.ADC_Init
                0x0000000000000000       0xf0 ./Drivers/src/ch32v00x_adc.o
 .text.ADC_StructInit
                0x0000000000000000       0x42 ./Drivers/src/ch32v00x_adc.o
 .text.ADC_Cmd  0x0000000000000000       0x3e ./Drivers/src/ch32v00x_adc.o
 .text.ADC_DMACmd
                0x0000000000000000       0x3e ./Drivers/src/ch32v00x_adc.o
 .text.ADC_ITConfig
                0x0000000000000000       0x58 ./Drivers/src/ch32v00x_adc.o
 .text.ADC_ResetCalibration
                0x0000000000000000       0x22 ./Drivers/src/ch32v00x_adc.o
 .text.ADC_GetResetCalibrationStatus
                0x0000000000000000       0x30 ./Drivers/src/ch32v00x_adc.o
 .text.ADC_StartCalibration
                0x0000000000000000       0x22 ./Drivers/src/ch32v00x_adc.o
 .text.ADC_GetCalibrationStatus
                0x0000000000000000       0x30 ./Drivers/src/ch32v00x_adc.o
 .text.ADC_SoftwareStartConvCmd
                0x0000000000000000       0x44 ./Drivers/src/ch32v00x_adc.o
 .text.ADC_GetSoftwareStartConvStatus
                0x0000000000000000       0x34 ./Drivers/src/ch32v00x_adc.o
 .text.ADC_DiscModeChannelCountConfig
                0x0000000000000000       0x5c ./Drivers/src/ch32v00x_adc.o
 .text.ADC_DiscModeCmd
                0x0000000000000000       0x46 ./Drivers/src/ch32v00x_adc.o
 .text.ADC_RegularChannelConfig
                0x0000000000000000      0x248 ./Drivers/src/ch32v00x_adc.o
 .text.ADC_ExternalTrigConvCmd
                0x0000000000000000       0x44 ./Drivers/src/ch32v00x_adc.o
 .text.ADC_GetConversionValue
                0x0000000000000000       0x1c ./Drivers/src/ch32v00x_adc.o
 .text.ADC_AutoInjectedConvCmd
                0x0000000000000000       0x3e ./Drivers/src/ch32v00x_adc.o
 .text.ADC_InjectedDiscModeCmd
                0x0000000000000000       0x40 ./Drivers/src/ch32v00x_adc.o
 .text.ADC_ExternalTrigInjectedConvConfig
                0x0000000000000000       0x4a ./Drivers/src/ch32v00x_adc.o
 .text.ADC_ExternalTrigInjectedConvCmd
                0x0000000000000000       0x40 ./Drivers/src/ch32v00x_adc.o
 .text.ADC_SoftwareStartInjectedConvCmd
                0x0000000000000000       0x44 ./Drivers/src/ch32v00x_adc.o
 .text.ADC_GetSoftwareStartInjectedConvCmdStatus
                0x0000000000000000       0x34 ./Drivers/src/ch32v00x_adc.o
 .text.ADC_InjectedChannelConfig
                0x0000000000000000      0x19c ./Drivers/src/ch32v00x_adc.o
 .text.ADC_InjectedSequencerLengthConfig
                0x0000000000000000       0x5e ./Drivers/src/ch32v00x_adc.o
 .text.ADC_SetInjectedOffset
                0x0000000000000000       0x46 ./Drivers/src/ch32v00x_adc.o
 .text.ADC_GetInjectedConversionValue
                0x0000000000000000       0x40 ./Drivers/src/ch32v00x_adc.o
 .text.ADC_AnalogWatchdogCmd
                0x0000000000000000       0x4e ./Drivers/src/ch32v00x_adc.o
 .text.ADC_AnalogWatchdogThresholdsConfig
                0x0000000000000000       0x34 ./Drivers/src/ch32v00x_adc.o
 .text.ADC_AnalogWatchdogSingleChannelConfig
                0x0000000000000000       0x48 ./Drivers/src/ch32v00x_adc.o
 .text.ADC_GetFlagStatus
                0x0000000000000000       0x3a ./Drivers/src/ch32v00x_adc.o
 .text.ADC_ClearFlag
                0x0000000000000000       0x26 ./Drivers/src/ch32v00x_adc.o
 .text.ADC_GetITStatus
                0x0000000000000000       0x6a ./Drivers/src/ch32v00x_adc.o
 .text.ADC_ClearITPendingBit
                0x0000000000000000       0x38 ./Drivers/src/ch32v00x_adc.o
 .text.ADC_Calibration_Vol
                0x0000000000000000       0x3c ./Drivers/src/ch32v00x_adc.o
 .text.ADC_ExternalTrig_DLY
                0x0000000000000000       0x50 ./Drivers/src/ch32v00x_adc.o
 .debug_info    0x0000000000000000      0xc00 ./Drivers/src/ch32v00x_adc.o
 .debug_abbrev  0x0000000000000000      0x156 ./Drivers/src/ch32v00x_adc.o
[...]
Memory Configuration

Name             Origin             Length             Attributes
FLASH            0x0000000000000000 0x0000000000004000 xr
RAM              0x0000000020000000 0x0000000000000800 xrw
*default*        0x0000000000000000 0xffffffffffffffff

Linker script and memory map

LOAD ./Drivers/src/ch32v00x_adc.o
LOAD ./Drivers/src/ch32v00x_dbgmcu.o
LOAD ./Drivers/src/ch32v00x_dma.o
LOAD ./Drivers/src/ch32v00x_exti.o
LOAD ./Drivers/src/ch32v00x_flash.o
LOAD ./Drivers/src/ch32v00x_gpio.o
LOAD ./Drivers/src/ch32v00x_i2c.o
LOAD ./Drivers/src/ch32v00x_iwdg.o
LOAD ./Drivers/src/ch32v00x_misc.o
LOAD ./Drivers/src/ch32v00x_opa.o
LOAD ./Drivers/src/ch32v00x_pwr.o
LOAD ./Drivers/src/ch32v00x_rcc.o
LOAD ./Drivers/src/ch32v00x_spi.o
LOAD ./Drivers/src/ch32v00x_tim.o
LOAD ./Drivers/src/ch32v00x_usart.o
LOAD ./Drivers/src/ch32v00x_wwdg.o
LOAD ./Drivers/src/core_riscv.o
LOAD ./Core/Startup/startup_ch32v00x.o
LOAD ./Core/Src/ch32v003xx_it.o
LOAD ./Core/Src/ch32v00x_RVMSIS.o
LOAD ./Core/Src/main.o
LOAD c:/mounriver/mounriver_studio/toolchain/risc-v embedded gcc/bin/../lib/gcc/riscv-none-embed/8.2.0/../../../../riscv-none-embed/lib/rv32ecxw/ilp32e\libm.a
LOAD c:/mounriver/mounriver_studio/toolchain/risc-v embedded gcc/bin/../lib/gcc/riscv-none-embed/8.2.0/../../../../riscv-none-embed/lib/rv32ecxw/ilp32e\libprintf.a
LOAD c:/mounriver/mounriver_studio/toolchain/risc-v embedded gcc/bin/../lib/gcc/riscv-none-embed/8.2.0/rv32ecxw/ilp32e\libgcc.a
LOAD c:/mounriver/mounriver_studio/toolchain/risc-v embedded gcc/bin/../lib/gcc/riscv-none-embed/8.2.0/../../../../riscv-none-embed/lib/rv32ecxw/ilp32e\libg_nano.a
LOAD c:/mounriver/mounriver_studio/toolchain/risc-v embedded gcc/bin/../lib/gcc/riscv-none-embed/8.2.0/../../../../riscv-none-embed/lib/rv32ecxw/ilp32e\libc_nano.a
LOAD c:/mounriver/mounriver_studio/toolchain/risc-v embedded gcc/bin/../lib/gcc/riscv-none-embed/8.2.0/rv32ecxw/ilp32e\libgcc.a
START GROUP
LOAD c:/mounriver/mounriver_studio/toolchain/risc-v embedded gcc/bin/../lib/gcc/riscv-none-embed/8.2.0/rv32ecxw/ilp32e\libgcc.a
LOAD c:/mounriver/mounriver_studio/toolchain/risc-v embedded gcc/bin/../lib/gcc/riscv-none-embed/8.2.0/../../../../riscv-none-embed/lib/rv32ecxw/ilp32e\libc_nano.a
LOAD c:/mounriver/mounriver_studio/toolchain/risc-v embedded gcc/bin/../lib/gcc/riscv-none-embed/8.2.0/../../../../riscv-none-embed/lib/rv32ecxw/ilp32e\libnosys.a
END GROUP
START GROUP
LOAD c:/mounriver/mounriver_studio/toolchain/risc-v embedded gcc/bin/../lib/gcc/riscv-none-embed/8.2.0/rv32ecxw/ilp32e\libgcc.a
LOAD c:/mounriver/mounriver_studio/toolchain/risc-v embedded gcc/bin/../lib/gcc/riscv-none-embed/8.2.0/../../../../riscv-none-embed/lib/rv32ecxw/ilp32e\libc_nano.a
LOAD c:/mounriver/mounriver_studio/toolchain/risc-v embedded gcc/bin/../lib/gcc/riscv-none-embed/8.2.0/../../../../riscv-none-embed/lib/rv32ecxw/ilp32e\libnosys.a
END GROUP
                0x0000000000000100                __stack_size = 0x100
                [!provide]                        PROVIDE (_stack_size = __stack_size)

.init           0x0000000000000000       0xa0
                0x0000000000000000                _sinit = .
                0x0000000000000000                . = ALIGN (0x4)
 *(SORT_NONE(.init))
 .init          0x0000000000000000       0x9e ./Core/Startup/startup_ch32v00x.o
                0x0000000000000000                _start
                0x00000000000000a0                . = ALIGN (0x4)
 *fill*         0x000000000000009e        0x2 
                0x00000000000000a0                _einit = .

.text           0x00000000000000a0     0x111c
                0x00000000000000a0                . = ALIGN (0x4)
 *(.text)
 *(.text.*)
 .text.vector_handler
                0x00000000000000a0       0x36 ./Core/Startup/startup_ch32v00x.o
                0x00000000000000a0                NMI_Handler
                0x00000000000000a2                HardFault_Handler
                0x00000000000000a6                SW_Handler
                0x00000000000000a8                WWDG_IRQHandler
                0x00000000000000aa                PVD_IRQHandler
                0x00000000000000ac                FLASH_IRQHandler
                0x00000000000000ae                RCC_IRQHandler
                0x00000000000000b0                EXTI7_0_IRQHandler
                0x00000000000000b2                AWU_IRQHandler
                0x00000000000000b6                DMA1_Channel2_IRQHandler
                0x00000000000000b8                DMA1_Channel3_IRQHandler
                0x00000000000000ba                DMA1_Channel4_IRQHandler
                0x00000000000000bc                DMA1_Channel5_IRQHandler
                0x00000000000000be                DMA1_Channel6_IRQHandler
                0x00000000000000c0                DMA1_Channel7_IRQHandler
                0x00000000000000c2                ADC1_IRQHandler
                0x00000000000000c4                I2C1_EV_IRQHandler
                0x00000000000000c6                I2C1_ER_IRQHandler
                0x00000000000000c8                USART1_IRQHandler
                0x00000000000000ca                SPI1_IRQHandler
                0x00000000000000cc                TIM1_BRK_IRQHandler
                0x00000000000000d0                TIM1_TRG_COM_IRQHandler
                0x00000000000000d2                TIM1_CC_IRQHandler
 .text.handle_reset
                0x00000000000000d6       0x80 ./Core/Startup/startup_ch32v00x.o
                0x00000000000000d6                handle_reset
 .text.TIM1_UP_IRQHandler
                0x0000000000000156       0x4a ./Core/Src/ch32v003xx_it.o
                0x0000000000000156                TIM1_UP_IRQHandler
 .text.TIM2_IRQHandler
                0x00000000000001a0       0x3e ./Core/Src/ch32v003xx_it.o
                0x00000000000001a0                TIM2_IRQHandler
 .text.DMA1_Channel1_IRQHandler
                0x00000000000001de       0x6e ./Core/Src/ch32v003xx_it.o
                0x00000000000001de                DMA1_Channel1_IRQHandler
 .text.SysTick_Handler
                0x000000000000024c       0x76 ./Core/Src/ch32v003xx_it.o
                0x000000000000024c                SysTick_Handler
 .text.NVIC_SetPriority
                0x00000000000002c2       0x40 ./Core/Src/ch32v00x_RVMSIS.o
 .text.RVMSIS_RCC_SystemClock_48MHz
                0x0000000000000302      0x128 ./Core/Src/ch32v00x_RVMSIS.o
                0x0000000000000302                RVMSIS_RCC_SystemClock_48MHz
 .text.RVMSIS_SysTick_Timer_init
                0x000000000000042a       0xa2 ./Core/Src/ch32v00x_RVMSIS.o
                0x000000000000042a                RVMSIS_SysTick_Timer_init
 .text.Delay_ms
                0x00000000000004cc       0x2a ./Core/Src/ch32v00x_RVMSIS.o
                0x00000000000004cc                Delay_ms
 .text.RVMSIS_GPIO_MODE_Set
                0x00000000000004f6       0xae ./Core/Src/ch32v00x_RVMSIS.o
 .text.RVMSIS_GPIO_SPEED_Set
                0x00000000000005a4       0xb8 ./Core/Src/ch32v00x_RVMSIS.o
 .text.RVMSIS_GPIO_CNF_Set
                0x000000000000065c       0x96 ./Core/Src/ch32v00x_RVMSIS.o
 .text.RVMSIS_GPIO_Reg_Set
                0x00000000000006f2      0x178 ./Core/Src/ch32v00x_RVMSIS.o
 .text.RVMSIS_GPIO_init
                0x000000000000086a      0x116 ./Core/Src/ch32v00x_RVMSIS.o
                0x000000000000086a                RVMSIS_GPIO_init
 .text.main     0x0000000000000980       0x3a ./Core/Src/main.o
                0x0000000000000980                main
 *(.rodata)
 *(.rodata*)
 *fill*         0x00000000000009ba        0x2 
 .rodata.Arr    0x00000000000009bc      0x800 ./Core/Src/ch32v003xx_it.o
                0x00000000000009bc                Arr
 *(.gnu.linkonce.t.*)
                0x00000000000011bc                . = ALIGN (0x4)

.rela.dyn       0x00000000000011bc        0x0
 .rela.init     0x00000000000011bc        0x0 ./Core/Startup/startup_ch32v00x.o
 .rela.text.handle_reset
                0x00000000000011bc        0x0 ./Core/Startup/startup_ch32v00x.o

.fini           0x00000000000011bc        0x0
 *(SORT_NONE(.fini))
                0x00000000000011bc                . = ALIGN (0x4)
                [!provide]                        PROVIDE (_etext = .)
                [!provide]                        PROVIDE (_eitcm = .)

.preinit_array  0x00000000000011bc        0x0
                [!provide]                        PROVIDE (__preinit_array_start = .)
 *(.preinit_array)
                [!provide]                        PROVIDE (__preinit_array_end = .)

.init_array     0x00000000000011bc        0x0
                [!provide]                        PROVIDE (__init_array_start = .)
 *(SORT_BY_INIT_PRIORITY(.init_array.*) SORT_BY_INIT_PRIORITY(.ctors.*))
 *(.init_array EXCLUDE_FILE(*crtend?.o *crtend.o *crtbegin?.o *crtbegin.o) .ctors)
                [!provide]                        PROVIDE (__init_array_end = .)

.fini_array     0x00000000000011bc        0x0
                [!provide]                        PROVIDE (__fini_array_start = .)
 *(SORT_BY_INIT_PRIORITY(.fini_array.*) SORT_BY_INIT_PRIORITY(.dtors.*))
 *(.fini_array EXCLUDE_FILE(*crtend?.o *crtend.o *crtbegin?.o *crtbegin.o) .dtors)
                [!provide]                        PROVIDE (__fini_array_end = .)

.ctors
 *crtbegin.o(.ctors)
 *crtbegin?.o(.ctors)
 *(EXCLUDE_FILE(*crtend?.o *crtend.o) .ctors)
 *(SORT_BY_NAME(.ctors.*))
 *(.ctors)

.dtors
 *crtbegin.o(.dtors)
 *crtbegin?.o(.dtors)
 *(EXCLUDE_FILE(*crtend?.o *crtend.o) .dtors)
 *(SORT_BY_NAME(.dtors.*))
 *(.dtors)

.dalign         0x0000000020000000        0x0 load address 0x00000000000011bc
                0x0000000020000000                . = ALIGN (0x4)
                0x0000000020000000                PROVIDE (_data_vma = .)

.dlalign        0x00000000000011bc        0x0
                0x00000000000011bc                . = ALIGN (0x4)
                0x00000000000011bc                PROVIDE (_data_lma = .)

.data           0x0000000020000000        0x0 load address 0x00000000000011bc
                0x0000000020000000                . = ALIGN (0x4)
 *(.gnu.linkonce.r.*)
 *(.data .data.*)
 *(.gnu.linkonce.d.*)
                0x0000000020000000                . = ALIGN (0x8)
                0x0000000020000800                PROVIDE (__global_pointer$ = (. + 0x800))
 *(.sdata .sdata.*)
 *(.sdata2*)
 *(.gnu.linkonce.s.*)
                0x0000000020000000                . = ALIGN (0x8)
 *(.srodata.cst16)
 *(.srodata.cst8)
 *(.srodata.cst4)
 *(.srodata.cst2)
 *(.srodata .srodata.*)
                0x0000000020000000                . = ALIGN (0x4)
                0x0000000020000000                PROVIDE (_edata = .)

.bss            0x0000000020000000       0x10 load address 0x00000000000011bc
                0x0000000020000000                . = ALIGN (0x4)
                0x0000000020000000                PROVIDE (_sbss = .)
 *(.sbss*)
 *(.gnu.linkonce.sb.*)
 *(.bss*)
 .bss.SysTimer_ms
                0x0000000020000000        0x4 ./Core/Src/ch32v00x_RVMSIS.o
                0x0000000020000000                SysTimer_ms
 .bss.Delay_counter_ms
                0x0000000020000004        0x4 ./Core/Src/ch32v00x_RVMSIS.o
                0x0000000020000004                Delay_counter_ms
 .bss.Timeout_counter_ms
                0x0000000020000008        0x4 ./Core/Src/ch32v00x_RVMSIS.o
                0x0000000020000008                Timeout_counter_ms
 .bss.ADC_RAW_Data
                0x000000002000000c        0x4 ./Core/Src/ch32v00x_RVMSIS.o
                0x000000002000000c                ADC_RAW_Data
 *(.gnu.linkonce.b.*)
 *(COMMON*)
                0x0000000020000010                . = ALIGN (0x4)
                0x0000000020000010                PROVIDE (_ebss = .)
                [!provide]                        PROVIDE (_end = _ebss)
                [!provide]                        PROVIDE (end = .)

.stack          0x0000000020000700      0x100
                [!provide]                        PROVIDE (_heap_end = .)
                0x0000000020000700                . = ALIGN (0x4)
                [!provide]                        PROVIDE (_susrstack = .)
                0x0000000020000800                . = (. + __stack_size)
 *fill*         0x0000000020000700      0x100 
                0x0000000020000800                PROVIDE (_eusrstack = .)
OUTPUT(Clean_project.elf elf32-littleriscv)

.debug_line     0x0000000000000000     0x254a
 .debug_line    0x0000000000000000      0x1ad ./Core/Startup/startup_ch32v00x.o
 .debug_line    0x00000000000001ad      0x4b0 ./Core/Src/ch32v003xx_it.o
 .debug_line    0x000000000000065d     0x1b31 ./Core/Src/ch32v00x_RVMSIS.o
 .debug_line    0x000000000000218e      0x3bc ./Core/Src/main.o

.debug_info     0x0000000000000000     0x18fe
 .debug_info    0x0000000000000000       0x22 ./Core/Startup/startup_ch32v00x.o
 .debug_info    0x0000000000000022      0x558 ./Core/Src/ch32v003xx_it.o
 .debug_info    0x000000000000057a     0x11f5 ./Core/Src/ch32v00x_RVMSIS.o
 .debug_info    0x000000000000176f      0x18f ./Core/Src/main.o

.debug_abbrev   0x0000000000000000      0x52a
 .debug_abbrev  0x0000000000000000       0x12 ./Core/Startup/startup_ch32v00x.o
 .debug_abbrev  0x0000000000000012      0x116 ./Core/Src/ch32v003xx_it.o
 .debug_abbrev  0x0000000000000128      0x356 ./Core/Src/ch32v00x_RVMSIS.o
 .debug_abbrev  0x000000000000047e       0xac ./Core/Src/main.o

.debug_aranges  0x0000000000000000      0x178
 .debug_aranges
                0x0000000000000000       0x30 ./Core/Startup/startup_ch32v00x.o
 .debug_aranges
                0x0000000000000030       0x40 ./Core/Src/ch32v003xx_it.o
 .debug_aranges
                0x0000000000000070       0xe8 ./Core/Src/ch32v00x_RVMSIS.o
 .debug_aranges
                0x0000000000000158       0x20 ./Core/Src/main.o

.debug_str      0x0000000000000000    0x14c9e
 .debug_str     0x0000000000000000       0x94 ./Core/Startup/startup_ch32v00x.o
 .debug_str     0x0000000000000094    0x145b6 ./Core/Src/ch32v003xx_it.o
                                      0x147a1 (size before relaxing)
 .debug_str     0x000000000001464a      0x63c ./Core/Src/ch32v00x_RVMSIS.o
                                      0x14e0b (size before relaxing)
 .debug_str     0x0000000000014c86       0x18 ./Core/Src/main.o
                                      0x1463b (size before relaxing)

.debug_ranges   0x0000000000000000      0x140
 .debug_ranges  0x0000000000000000       0x28 ./Core/Startup/startup_ch32v00x.o
 .debug_ranges  0x0000000000000028       0x30 ./Core/Src/ch32v003xx_it.o
 .debug_ranges  0x0000000000000058       0xd8 ./Core/Src/ch32v00x_RVMSIS.o
 .debug_ranges  0x0000000000000130       0x10 ./Core/Src/main.o

.debug_macro    0x0000000000000000      0x26b
 .debug_macro   0x0000000000000000       0xbd ./Core/Src/ch32v003xx_it.o
 .debug_macro   0x00000000000000bd       0x22 ./Core/Src/ch32v003xx_it.o
 .debug_macro   0x00000000000000df       0x16 ./Core/Src/ch32v003xx_it.o
 .debug_macro   0x00000000000000f5       0xbd ./Core/Src/ch32v00x_RVMSIS.o
 .debug_macro   0x00000000000001b2       0xb9 ./Core/Src/main.o

.comment        0x0000000000000000       0x33
 .comment       0x0000000000000000       0x33 ./Core/Src/ch32v003xx_it.o
                                         0x34 (size before relaxing)
 .comment       0x0000000000000033       0x34 ./Core/Src/ch32v00x_RVMSIS.o
 .comment       0x0000000000000033       0x34 ./Core/Src/main.o

.debug_frame    0x0000000000000000      0x4dc
 .debug_frame   0x0000000000000000       0xd4 ./Core/Src/ch32v003xx_it.o
 .debug_frame   0x00000000000000d4      0x3dc ./Core/Src/ch32v00x_RVMSIS.o
 .debug_frame   0x00000000000004b0       0x2c ./Core/Src/main.o
