Archive member included to satisfy reference by file (symbol)

c:/mounriver/mounriver_studio/toolchain/risc-v embedded gcc/bin/../lib/gcc/riscv-none-embed/8.2.0/../../../../riscv-none-embed/lib/rv32imacxw/ilp32\libg_nano.a(lib_a-strlen.o)
                              ./USB_DEVICE/Src/usb_desc.o (strlen)

Discarded input sections

 .group         0x0000000000000000        0xc ./USB_DEVICE/Src/hw_config.o
 .group         0x0000000000000000        0xc ./USB_DEVICE/Src/hw_config.o
 .group         0x0000000000000000        0xc ./USB_DEVICE/Src/hw_config.o
 .group         0x0000000000000000        0xc ./USB_DEVICE/Src/hw_config.o
 .group         0x0000000000000000        0xc ./USB_DEVICE/Src/hw_config.o
 .group         0x0000000000000000        0xc ./USB_DEVICE/Src/hw_config.o
 .group         0x0000000000000000        0xc ./USB_DEVICE/Src/hw_config.o
 .group         0x0000000000000000        0xc ./USB_DEVICE/Src/hw_config.o
 .group         0x0000000000000000        0xc ./USB_DEVICE/Src/hw_config.o
 .group         0x0000000000000000        0xc ./USB_DEVICE/Src/hw_config.o
 .group         0x0000000000000000        0xc ./USB_DEVICE/Src/hw_config.o
 .group         0x0000000000000000        0xc ./USB_DEVICE/Src/hw_config.o
 .group         0x0000000000000000        0xc ./USB_DEVICE/Src/hw_config.o
 .group         0x0000000000000000        0xc ./USB_DEVICE/Src/hw_config.o
 .group         0x0000000000000000        0xc ./USB_DEVICE/Src/hw_config.o
 .group         0x0000000000000000        0xc ./USB_DEVICE/Src/hw_config.o
 .group         0x0000000000000000        0xc ./USB_DEVICE/Src/hw_config.o
 .group         0x0000000000000000        0xc ./USB_DEVICE/Src/hw_config.o
 .group         0x0000000000000000        0xc ./USB_DEVICE/Src/hw_config.o
 .group         0x0000000000000000        0xc ./USB_DEVICE/Src/hw_config.o
 .group         0x0000000000000000        0xc ./USB_DEVICE/Src/hw_config.o
 .group         0x0000000000000000        0xc ./USB_DEVICE/Src/hw_config.o
 .group         0x0000000000000000        0xc ./USB_DEVICE/Src/hw_config.o
 .group         0x0000000000000000        0xc ./USB_DEVICE/Src/hw_config.o
 .group         0x0000000000000000        0xc ./USB_DEVICE/Src/hw_config.o
 .group         0x0000000000000000        0xc ./USB_DEVICE/Src/hw_config.o
 .group         0x0000000000000000        0xc ./USB_DEVICE/Src/hw_config.o
 .group         0x0000000000000000        0xc ./USB_DEVICE/Src/hw_config.o
 .group         0x0000000000000000        0xc ./USB_DEVICE/Src/hw_config.o
 .group         0x0000000000000000        0xc ./USB_DEVICE/Src/hw_config.o
 .group         0x0000000000000000        0xc ./USB_DEVICE/Src/hw_config.o
 .group         0x0000000000000000        0xc ./USB_DEVICE/Src/hw_config.o
 .group         0x0000000000000000        0xc ./USB_DEVICE/Src/hw_config.o
 .group         0x0000000000000000        0xc ./USB_DEVICE/Src/hw_config.o
 .group         0x0000000000000000        0xc ./USB_DEVICE/Src/hw_config.o
 .group         0x0000000000000000        0xc ./USB_DEVICE/Src/hw_config.o
 .group         0x0000000000000000        0xc ./USB_DEVICE/Src/hw_config.o
 .group         0x0000000000000000        0xc ./USB_DEVICE/Src/hw_config.o
 .group         0x0000000000000000        0xc ./USB_DEVICE/Src/hw_config.o
 .group         0x0000000000000000        0xc ./USB_DEVICE/Src/hw_config.o
 .group         0x0000000000000000        0xc ./USB_DEVICE/Src/hw_config.o
 .text          0x0000000000000000        0x0 ./USB_DEVICE/Src/hw_config.o
 .data          0x0000000000000000        0x0 ./USB_DEVICE/Src/hw_config.o
 .bss           0x0000000000000000        0x0 ./USB_DEVICE/Src/hw_config.o
 .group         0x0000000000000000        0xc ./USB_DEVICE/Src/usb_core.o
 .group         0x0000000000000000        0xc ./USB_DEVICE/Src/usb_core.o
 .group         0x0000000000000000        0xc ./USB_DEVICE/Src/usb_core.o
 .group         0x0000000000000000        0xc ./USB_DEVICE/Src/usb_core.o
 .group         0x0000000000000000        0xc ./USB_DEVICE/Src/usb_core.o
 .group         0x0000000000000000        0xc ./USB_DEVICE/Src/usb_core.o
 .group         0x0000000000000000        0xc ./USB_DEVICE/Src/usb_core.o
 .group         0x0000000000000000        0xc ./USB_DEVICE/Src/usb_core.o
 .group         0x0000000000000000        0xc ./USB_DEVICE/Src/usb_core.o
 .group         0x0000000000000000        0xc ./USB_DEVICE/Src/usb_core.o
 .group         0x0000000000000000        0xc ./USB_DEVICE/Src/usb_core.o
 .group         0x0000000000000000        0xc ./USB_DEVICE/Src/usb_core.o
 .group         0x0000000000000000        0xc ./USB_DEVICE/Src/usb_core.o
 .group         0x0000000000000000        0xc ./USB_DEVICE/Src/usb_core.o
 .group         0x0000000000000000        0xc ./USB_DEVICE/Src/usb_core.o
 .group         0x0000000000000000        0xc ./USB_DEVICE/Src/usb_core.o
 .text          0x0000000000000000        0x0 ./USB_DEVICE/Src/usb_core.o
 .data          0x0000000000000000        0x0 ./USB_DEVICE/Src/usb_core.o
[...]
Memory Configuration

Name             Origin             Length             Attributes
FLASH            0x0000000000000000 0x0000000000008000 xr
RAM              0x0000000020000000 0x0000000000002800 xrw
*default*        0x0000000000000000 0xffffffffffffffff

Linker script and memory map

LOAD ./USB_DEVICE/Src/hw_config.o
LOAD ./USB_DEVICE/Src/usb_core.o
LOAD ./USB_DEVICE/Src/usb_desc.o
LOAD ./USB_DEVICE/Src/usb_endp.o
LOAD ./USB_DEVICE/Src/usb_init.o
LOAD ./USB_DEVICE/Src/usb_int.o
LOAD ./USB_DEVICE/Src/usb_istr.o
LOAD ./USB_DEVICE/Src/usb_mem.o
LOAD ./USB_DEVICE/Src/usb_prop.o
LOAD ./USB_DEVICE/Src/usb_pwr.o
LOAD ./USB_DEVICE/Src/usb_regs.o
LOAD ./USB_DEVICE/Src/usb_sil.o
LOAD ./USB_DEVICE/Src/usbd_compatibility_hid.o
LOAD ./Startup/startup_ch32v20x_D6.o
LOAD ./Drivers/src/ch32v20x_adc.o
LOAD ./Drivers/src/ch32v20x_bkp.o
LOAD ./Drivers/src/ch32v20x_can.o
LOAD ./Drivers/src/ch32v20x_crc.o
LOAD ./Drivers/src/ch32v20x_dbgmcu.o
LOAD ./Drivers/src/ch32v20x_dma.o
LOAD ./Drivers/src/ch32v20x_exti.o
LOAD ./Drivers/src/ch32v20x_flash.o
LOAD ./Drivers/src/ch32v20x_gpio.o
LOAD ./Drivers/src/ch32v20x_i2c.o
LOAD ./Drivers/src/ch32v20x_iwdg.o
LOAD ./Drivers/src/ch32v20x_misc.o
LOAD ./Drivers/src/ch32v20x_opa.o
LOAD ./Drivers/src/ch32v20x_pwr.o
LOAD ./Drivers/src/ch32v20x_rcc.o
LOAD ./Drivers/src/ch32v20x_rtc.o
LOAD ./Drivers/src/ch32v20x_spi.o
LOAD ./Drivers/src/ch32v20x_tim.o
LOAD ./Drivers/src/ch32v20x_usart.o
LOAD ./Drivers/src/ch32v20x_wwdg.o
LOAD ./Drivers/src/core_riscv.o
LOAD ./Core/Src/ch32v203xx_it.o
LOAD ./Core/Src/ch32v20x_RVMSIS.o
LOAD ./Core/Src/main.o
LOAD ./Core/Src/syscalls.o
LOAD c:/mounriver/mounriver_studio/toolchain/risc-v embedded gcc/bin/../lib/gcc/riscv-none-embed/8.2.0/rv32imacxw/ilp32\libgcc.a
LOAD c:/mounriver/mounriver_studio/toolchain/risc-v embedded gcc/bin/../lib/gcc/riscv-none-embed/8.2.0/../../../../riscv-none-embed/lib/rv32imacxw/ilp32\libg_nano.a
LOAD c:/mounriver/mounriver_studio/toolchain/risc-v embedded gcc/bin/../lib/gcc/riscv-none-embed/8.2.0/../../../../riscv-none-embed/lib/rv32imacxw/ilp32\libc_nano.a
LOAD c:/mounriver/mounriver_studio/toolchain/risc-v embedded gcc/bin/../lib/gcc/riscv-none-embed/8.2.0/rv32imacxw/ilp32\libgcc.a
START GROUP
LOAD c:/mounriver/mounriver_studio/toolchain/risc-v embedded gcc/bin/../lib/gcc/riscv-none-embed/8.2.0/rv32imacxw/ilp32\libgcc.a
LOAD c:/mounriver/mounriver_studio/toolchain/risc-v embedded gcc/bin/../lib/gcc/riscv-none-embed/8.2.0/../../../../riscv-none-embed/lib/rv32imacxw/ilp32\libc_nano.a
LOAD c:/mounriver/mounriver_studio/toolchain/risc-v embedded gcc/bin/../lib/gcc/riscv-none-embed/8.2.0/../../../../riscv-none-embed/lib/rv32imacxw/ilp32\libnosys.a
END GROUP
START GROUP
LOAD c:/mounriver/mounriver_studio/toolchain/risc-v embedded gcc/bin/../lib/gcc/riscv-none-embed/8.2.0/rv32imacxw/ilp32\libgcc.a
LOAD c:/mounriver/mounriver_studio/toolchain/risc-v embedded gcc/bin/../lib/gcc/riscv-none-embed/8.2.0/../../../../riscv-none-embed/lib/rv32imacxw/ilp32\libc_nano.a
LOAD c:/mounriver/mounriver_studio/toolchain/risc-v embedded gcc/bin/../lib/gcc/riscv-none-embed/8.2.0/../../../../riscv-none-embed/lib/rv32imacxw/ilp32\libnosys.a
END GROUP
                0x0000000000000200                __stack_size = 0x200
                [!provide]                        PROVIDE (_stack_size = __stack_size)

.init           0x0000000000000000        0x4
                0x0000000000000000                _sinit = .
                0x0000000000000000                . = ALIGN (0x4)
 *(SORT_NONE(.init))
 .init          0x0000000000000000        0x4 ./Startup/startup_ch32v20x_D6.o
                0x0000000000000000                _start
                0x0000000000000004                . = ALIGN (0x4)
                0x0000000000000004                _einit = .

.vector         0x0000000000000004       0xfc
 *(.vector)
 .vector        0x0000000000000004       0xfc ./Startup/startup_ch32v20x_D6.o
                0x0000000000000100                . = ALIGN (0x40)

.text           0x0000000000000100     0x4698
                0x0000000000000100                . = ALIGN (0x4)
 *(.text)
 *(.text.*)
 .text.USBWakeUp_IRQHandler
                0x0000000000000100       0x18 ./USB_DEVICE/Src/hw_config.o
                0x0000000000000100                USBWakeUp_IRQHandler
 .text.USB_LP_CAN1_RX0_IRQHandler
                0x0000000000000118       0x14 ./USB_DEVICE/Src/hw_config.o
                0x0000000000000118                USB_LP_CAN1_RX0_IRQHandler
 .text.Set_USBConfig
                0x000000000000012c       0x20 ./USB_DEVICE/Src/hw_config.o
                0x000000000000012c                Set_USBConfig
 .text.Enter_LowPowerMode
                0x000000000000014c       0x14 ./USB_DEVICE/Src/hw_config.o
                0x000000000000014c                Enter_LowPowerMode
 .text.Leave_LowPowerMode
                0x0000000000000160       0x2c ./USB_DEVICE/Src/hw_config.o
                0x0000000000000160                Leave_LowPowerMode
 .text.USB_Interrupts_Config
                0x000000000000018c       0x74 ./USB_DEVICE/Src/hw_config.o
                0x000000000000018c                USB_Interrupts_Config
 .text.USB_Port_Set
                0x0000000000000200      0x142 ./USB_DEVICE/Src/hw_config.o
                0x0000000000000200                USB_Port_Set
 .text.Standard_GetConfiguration
                0x0000000000000342       0x38 ./USB_DEVICE/Src/usb_core.o
                0x0000000000000342                Standard_GetConfiguration
 .text.Standard_SetConfiguration
                0x000000000000037a       0x50 ./USB_DEVICE/Src/usb_core.o
                0x000000000000037a                Standard_SetConfiguration
 .text.Standard_GetInterface
                0x00000000000003ca       0x38 ./USB_DEVICE/Src/usb_core.o
                0x00000000000003ca                Standard_GetInterface
 .text.Standard_SetInterface
                0x0000000000000402       0x7c ./USB_DEVICE/Src/usb_core.o
                0x0000000000000402                Standard_SetInterface
 .text.Standard_GetStatus
                0x000000000000047e      0x156 ./USB_DEVICE/Src/usb_core.o
                0x000000000000047e                Standard_GetStatus
 .text.Standard_ClearFeature
                0x00000000000005d4      0x320 ./USB_DEVICE/Src/usb_core.o
                0x00000000000005d4                Standard_ClearFeature
 .text.Standard_SetEndPointFeature
                0x00000000000008f4      0x214 ./USB_DEVICE/Src/usb_core.o
                0x00000000000008f4                Standard_SetEndPointFeature
 .text.Standard_SetDeviceFeature
                0x0000000000000b08       0x30 ./USB_DEVICE/Src/usb_core.o
                0x0000000000000b08                Standard_SetDeviceFeature
 .text.Standard_GetDescriptorData
                0x0000000000000b38       0x56 ./USB_DEVICE/Src/usb_core.o
                0x0000000000000b38                Standard_GetDescriptorData
 .text.DataStageOut
                0x0000000000000b8e      0x140 ./USB_DEVICE/Src/usb_core.o
 .text.DataStageIn
                0x0000000000000cce      0x154 ./USB_DEVICE/Src/usb_core.o
 .text.NoData_Setup0
                0x0000000000000e22      0x1c0 ./USB_DEVICE/Src/usb_core.o
 .text.Data_Setup0
                0x0000000000000fe2      0x370 ./USB_DEVICE/Src/usb_core.o
 .text.Setup0_Process
                0x0000000000001352      0x10e ./USB_DEVICE/Src/usb_core.o
                0x0000000000001352                Setup0_Process
 .text.In0_Process
                0x0000000000001460       0x9c ./USB_DEVICE/Src/usb_core.o
                0x0000000000001460                In0_Process
 .text.Out0_Process
                0x00000000000014fc       0x8e ./USB_DEVICE/Src/usb_core.o
                0x00000000000014fc                Out0_Process
 .text.Post0_Process
                0x000000000000158a       0x52 ./USB_DEVICE/Src/usb_core.o
                0x000000000000158a                Post0_Process
 .text.SetDeviceAddress
                0x00000000000015dc       0xa6 ./USB_DEVICE/Src/usb_core.o
                0x00000000000015dc                SetDeviceAddress
 .text.NOP_Process
                0x0000000000001682        0xe ./USB_DEVICE/Src/usb_core.o
                0x0000000000001682                NOP_Process
 .text.USB_String_data_init
                0x0000000000001690       0xa6 ./USB_DEVICE/Src/usb_desc.o
                0x0000000000001690                USB_String_data_init
 .text.EP1_OUT_Callback
                0x0000000000001736       0xc6 ./USB_DEVICE/Src/usb_endp.o
                0x0000000000001736                EP1_OUT_Callback
 .text.EP2_IN_Callback
                0x00000000000017fc       0x12 ./USB_DEVICE/Src/usb_endp.o
                0x00000000000017fc                EP2_IN_Callback
 .text.USBD_ENDPx_DataUp
                0x000000000000180e       0x60 ./USB_DEVICE/Src/usb_endp.o
                0x000000000000180e                USBD_ENDPx_DataUp
 .text.USB_Init
                0x000000000000186e       0x8e ./USB_DEVICE/Src/usb_init.o
                0x000000000000186e                USB_Init
 .text.CTR_LP   0x00000000000018fc      0x670 ./USB_DEVICE/Src/usb_int.o
                0x00000000000018fc                CTR_LP
 .text.USB_Istr
                0x0000000000001f6c      0x31a ./USB_DEVICE/Src/usb_istr.o
                0x0000000000001f6c                USB_Istr
 .text.UserToPMABufferCopy
                0x0000000000002286       0xa8 ./USB_DEVICE/Src/usb_mem.o
                0x0000000000002286                UserToPMABufferCopy
 .text.PMAToUserBufferCopy
                0x000000000000232e       0x82 ./USB_DEVICE/Src/usb_mem.o
                0x000000000000232e                PMAToUserBufferCopy
 .text.USBD_SetConfiguration
                0x00000000000023b0       0x24 ./USB_DEVICE/Src/usb_prop.o
                0x00000000000023b0                USBD_SetConfiguration
 .text.USBD_SetDeviceAddress
                0x00000000000023d4       0x14 ./USB_DEVICE/Src/usb_prop.o
                0x00000000000023d4                USBD_SetDeviceAddress
 .text.USBD_SetDeviceFeature
                0x00000000000023e8        0xe ./USB_DEVICE/Src/usb_prop.o
                0x00000000000023e8                USBD_SetDeviceFeature
 .text.USBD_ClearFeature
                0x00000000000023f6        0xe ./USB_DEVICE/Src/usb_prop.o
                0x00000000000023f6                USBD_ClearFeature
 .text.USBD_Status_In
                0x0000000000002404       0x48 ./USB_DEVICE/Src/usb_prop.o
                0x0000000000002404                USBD_Status_In
 .text.USBD_Status_Out
                0x000000000000244c        0xe ./USB_DEVICE/Src/usb_prop.o
                0x000000000000244c                USBD_Status_Out
 .text.USBD_init
                0x000000000000245a       0x9a ./USB_DEVICE/Src/usb_prop.o
                0x000000000000245a                USBD_init
 .text.USBD_Reset
                0x00000000000024f4      0x25a ./USB_DEVICE/Src/usb_prop.o
                0x00000000000024f4                USBD_Reset
 .text.USBD_GetDeviceDescriptor
                0x000000000000274e       0x2c ./USB_DEVICE/Src/usb_prop.o
                0x000000000000274e                USBD_GetDeviceDescriptor
 .text.USBD_GetConfigDescriptor
                0x000000000000277a       0x28 ./USB_DEVICE/Src/usb_prop.o
                0x000000000000277a                USBD_GetConfigDescriptor
 .text.USBD_GetStringDescriptor
                0x00000000000027a2       0x50 ./USB_DEVICE/Src/usb_prop.o
                0x00000000000027a2                USBD_GetStringDescriptor
 .text.USBD_GetReportDescriptor
                0x00000000000027f2       0x4c ./USB_DEVICE/Src/usb_prop.o
                0x00000000000027f2                USBD_GetReportDescriptor
 .text.USBD_GetHidDescriptor
                0x000000000000283e       0x4c ./USB_DEVICE/Src/usb_prop.o
                0x000000000000283e                USBD_GetHidDescriptor
 .text.USBD_Get_Interface_Setting
                0x000000000000288a       0x36 ./USB_DEVICE/Src/usb_prop.o
                0x000000000000288a                USBD_Get_Interface_Setting
 .text.USBD_Data_Setup
                0x00000000000028c0      0x150 ./USB_DEVICE/Src/usb_prop.o
                0x00000000000028c0                USBD_Data_Setup
 .text.USBD_NoData_Setup
                0x0000000000002a10       0x98 ./USB_DEVICE/Src/usb_prop.o
                0x0000000000002a10                USBD_NoData_Setup
 .text.HID_Get_Report
                0x0000000000002aa8       0x30 ./USB_DEVICE/Src/usb_prop.o
                0x0000000000002aa8                HID_Get_Report
 .text.HID_Set_Report
                0x0000000000002ad8       0x30 ./USB_DEVICE/Src/usb_prop.o
                0x0000000000002ad8                HID_Set_Report
 .text.HID_Get_Idle
                0x0000000000002b08       0x36 ./USB_DEVICE/Src/usb_prop.o
                0x0000000000002b08                HID_Get_Idle
 .text.HID_Get_Protocol
                0x0000000000002b3e       0x36 ./USB_DEVICE/Src/usb_prop.o
                0x0000000000002b3e                HID_Get_Protocol
 .text.PowerOn  0x0000000000002b74       0x5a ./USB_DEVICE/Src/usb_pwr.o
                0x0000000000002b74                PowerOn
 .text.Suspend  0x0000000000002bce      0x162 ./USB_DEVICE/Src/usb_pwr.o
                0x0000000000002bce                Suspend
 .text.Resume_Init
                0x0000000000002d30       0x4c ./USB_DEVICE/Src/usb_pwr.o
                0x0000000000002d30                Resume_Init
 .text.Resume   0x0000000000002d7c      0x13e ./USB_DEVICE/Src/usb_pwr.o
                0x0000000000002d7c                Resume
 .text.SetBTABLE
                0x0000000000002eba       0x28 ./USB_DEVICE/Src/usb_regs.o
                0x0000000000002eba                SetBTABLE
 .text.SetEPType
                0x0000000000002ee2       0x6a ./USB_DEVICE/Src/usb_regs.o
                0x0000000000002ee2                SetEPType
 .text.SetEPTxStatus
                0x0000000000002f4c       0xe4 ./USB_DEVICE/Src/usb_regs.o
                0x0000000000002f4c                SetEPTxStatus
 .text.SetEPRxStatus
                0x0000000000003030       0xe8 ./USB_DEVICE/Src/usb_regs.o
                0x0000000000003030                SetEPRxStatus
 .text.SetEPRxValid
                0x0000000000003118       0xc2 ./USB_DEVICE/Src/usb_regs.o
                0x0000000000003118                SetEPRxValid
 .text.Clear_Status_Out
                0x00000000000031da       0x64 ./USB_DEVICE/Src/usb_regs.o
                0x00000000000031da                Clear_Status_Out
 .text.ClearDTOG_RX
                0x000000000000323e       0x76 ./USB_DEVICE/Src/usb_regs.o
                0x000000000000323e                ClearDTOG_RX
 .text.ClearDTOG_TX
                0x00000000000032b4       0x74 ./USB_DEVICE/Src/usb_regs.o
                0x00000000000032b4                ClearDTOG_TX
 .text.SetEPTxAddr
                0x0000000000003328       0x4e ./USB_DEVICE/Src/usb_regs.o
                0x0000000000003328                SetEPTxAddr
 .text.SetEPRxAddr
                0x0000000000003376       0x50 ./USB_DEVICE/Src/usb_regs.o
                0x0000000000003376                SetEPRxAddr
 .text.GetEPTxAddr
                0x00000000000033c6       0x3a ./USB_DEVICE/Src/usb_regs.o
                0x00000000000033c6                GetEPTxAddr
 .text.GetEPRxAddr
                0x0000000000003400       0x3c ./USB_DEVICE/Src/usb_regs.o
                0x0000000000003400                GetEPRxAddr
 .text.SetEPTxCount
                0x000000000000343c       0x46 ./USB_DEVICE/Src/usb_regs.o
                0x000000000000343c                SetEPTxCount
 .text.SetEPRxCount
                0x0000000000003482      0x154 ./USB_DEVICE/Src/usb_regs.o
                0x0000000000003482                SetEPRxCount
 .text.GetEPRxCount
                0x00000000000035d6       0x44 ./USB_DEVICE/Src/usb_regs.o
                0x00000000000035d6                GetEPRxCount
 .text.ByteSwap
                0x000000000000361a       0x44 ./USB_DEVICE/Src/usb_regs.o
                0x000000000000361a                ByteSwap
 .text.USB_SIL_Init
                0x000000000000365e       0x34 ./USB_DEVICE/Src/usb_sil.o
                0x000000000000365e                USB_SIL_Init
 .text.USB_SIL_Write
                0x0000000000003692       0x68 ./USB_DEVICE/Src/usb_sil.o
                0x0000000000003692                USB_SIL_Write
 .text.vector_handler
                0x00000000000036fa        0x2 ./Startup/startup_ch32v20x_D6.o
                0x00000000000036fa                EXTI2_IRQHandler
                0x00000000000036fa                TIM1_CC_IRQHandler
                0x00000000000036fa                HardFault_Handler
                0x00000000000036fa                PVD_IRQHandler
                0x00000000000036fa                NMI_Handler
                0x00000000000036fa                EXTI3_IRQHandler
                0x00000000000036fa                USBFS_IRQHandler
                0x00000000000036fa                EXTI0_IRQHandler
                0x00000000000036fa                I2C2_EV_IRQHandler
                0x00000000000036fa                ADC1_2_IRQHandler
                0x00000000000036fa                Break_Point_Handler
                0x00000000000036fa                SPI1_IRQHandler
                0x00000000000036fa                TAMPER_IRQHandler
                0x00000000000036fa                Ecall_M_Mode_Handler
                0x00000000000036fa                DMA1_Channel4_IRQHandler
                0x00000000000036fa                RTC_IRQHandler
                0x00000000000036fa                DMA1_Channel7_IRQHandler
                0x00000000000036fa                CAN1_RX1_IRQHandler
                0x00000000000036fa                TIM4_IRQHandler
                0x00000000000036fa                I2C1_EV_IRQHandler
                0x00000000000036fa                DMA1_Channel6_IRQHandler
                0x00000000000036fa                UART4_IRQHandler
                0x00000000000036fa                RCC_IRQHandler
                0x00000000000036fa                TIM1_TRG_COM_IRQHandler
                0x00000000000036fa                DMA1_Channel1_IRQHandler
                0x00000000000036fa                EXTI15_10_IRQHandler
                0x00000000000036fa                DMA1_Channel8_IRQHandler
                0x00000000000036fa                EXTI9_5_IRQHandler
                0x00000000000036fa                SPI2_IRQHandler
                0x00000000000036fa                DMA1_Channel5_IRQHandler
                0x00000000000036fa                EXTI4_IRQHandler
                0x00000000000036fa                USB_HP_CAN1_TX_IRQHandler
                0x00000000000036fa                DMA1_Channel3_IRQHandler
                0x00000000000036fa                TIM1_UP_IRQHandler
                0x00000000000036fa                WWDG_IRQHandler
                0x00000000000036fa                Ecall_U_Mode_Handler
                0x00000000000036fa                TIM2_IRQHandler
                0x00000000000036fa                SW_Handler
                0x00000000000036fa                TIM1_BRK_IRQHandler
                0x00000000000036fa                EXTI1_IRQHandler
                0x00000000000036fa                RTCAlarm_IRQHandler
                0x00000000000036fa                I2C2_ER_IRQHandler
                0x00000000000036fa                DMA1_Channel2_IRQHandler
                0x00000000000036fa                CAN1_SCE_IRQHandler
                0x00000000000036fa                FLASH_IRQHandler
                0x00000000000036fa                USBFSWakeUp_IRQHandler
                0x00000000000036fa                I2C1_ER_IRQHandler
 .text.handle_reset
                0x00000000000036fc       0x82 ./Startup/startup_ch32v20x_D6.o
                0x00000000000036fc                handle_reset
 .text.EXTI_Init
                0x000000000000377e      0x170 ./Drivers/src/ch32v20x_exti.o
                0x000000000000377e                EXTI_Init
 .text.EXTI_ClearITPendingBit
                0x00000000000038ee       0x20 ./Drivers/src/ch32v20x_exti.o
                0x00000000000038ee                EXTI_ClearITPendingBit
 .text.NVIC_SetPriority
                0x000000000000390e       0x40 ./Drivers/src/ch32v20x_misc.o
 .text.NVIC_Init
                0x000000000000394e       0xd4 ./Drivers/src/ch32v20x_misc.o
                0x000000000000394e                NVIC_Init
 .text.RCC_APB2PeriphClockCmd
                0x0000000000003a22       0x46 ./Drivers/src/ch32v20x_rcc.o
                0x0000000000003a22                RCC_APB2PeriphClockCmd
 .text.SysTick_Handler
                0x0000000000003a68       0x56 ./Core/Src/ch32v203xx_it.o
                0x0000000000003a68                SysTick_Handler
 .text.USART1_IRQHandler
                0x0000000000003abe       0xae ./Core/Src/ch32v203xx_it.o
                0x0000000000003abe                USART1_IRQHandler
 .text.USART2_IRQHandler
                0x0000000000003b6c       0xae ./Core/Src/ch32v203xx_it.o
                0x0000000000003b6c                USART2_IRQHandler
 .text.USART3_IRQHandler
                0x0000000000003c1a       0xae ./Core/Src/ch32v203xx_it.o
                0x0000000000003c1a                USART3_IRQHandler
 .text.TIM3_IRQHandler
                0x0000000000003cc8       0x4a ./Core/Src/ch32v203xx_it.o
                0x0000000000003cc8                TIM3_IRQHandler
 .text.NVIC_SetPriority
                0x0000000000003d12       0x40 ./Core/Src/ch32v20x_RVMSIS.o
 .text.RVMSIS_Debug_init
                0x0000000000003d52       0x70 ./Core/Src/ch32v20x_RVMSIS.o
                0x0000000000003d52                RVMSIS_Debug_init
 .text.RVMSIS_RCC_SystemClock_144MHz
                0x0000000000003dc2      0x1a2 ./Core/Src/ch32v20x_RVMSIS.o
                0x0000000000003dc2                RVMSIS_RCC_SystemClock_144MHz
 .text.RVMSIS_SysTick_Timer_init
                0x0000000000003f64       0xbe ./Core/Src/ch32v20x_RVMSIS.o
                0x0000000000003f64                RVMSIS_SysTick_Timer_init
 .text.Delay_ms
                0x0000000000004022       0x22 ./Core/Src/ch32v20x_RVMSIS.o
                0x0000000000004022                Delay_ms
 .text.RVMSIS_GPIO_MODE_Set
                0x0000000000004044       0xae ./Core/Src/ch32v20x_RVMSIS.o
 .text.RVMSIS_GPIO_SPEED_Set
                0x00000000000040f2       0xc0 ./Core/Src/ch32v20x_RVMSIS.o
 .text.RVMSIS_GPIO_CNF_Set
                0x00000000000041b2       0x96 ./Core/Src/ch32v20x_RVMSIS.o
 .text.RVMSIS_GPIO_Reg_Set
                0x0000000000004248      0x188 ./Core/Src/ch32v20x_RVMSIS.o
 .text.RVMSIS_GPIO_init
                0x00000000000043d0      0x160 ./Core/Src/ch32v20x_RVMSIS.o
                0x00000000000043d0                RVMSIS_GPIO_init
 .text.main     0x0000000000004530      0x198 ./Core/Src/main.o
                0x0000000000004530                main
 .text.strlen   0x00000000000046c8       0x12 c:/mounriver/mounriver_studio/toolchain/risc-v embedded gcc/bin/../lib/gcc/riscv-none-embed/8.2.0/../../../../riscv-none-embed/lib/rv32imacxw/ilp32\libg_nano.a(lib_a-strlen.o)
                0x00000000000046c8                strlen
 *(.rodata)
 *(.rodata*)
 *fill*         0x00000000000046da        0x2 
 .rodata.USBD_DeviceDescriptor
                0x00000000000046dc       0x12 ./USB_DEVICE/Src/usb_desc.o
                0x00000000000046dc                USBD_DeviceDescriptor
 *fill*         0x00000000000046ee        0x2 
 .rodata.USBD_ConfigDescriptor
                0x00000000000046f0       0x29 ./USB_DEVICE/Src/usb_desc.o
                0x00000000000046f0                USBD_ConfigDescriptor
 *fill*         0x0000000000004719        0x3 
 .rodata.USBD_StringSerial
                0x000000000000471c       0x16 ./USB_DEVICE/Src/usb_desc.o
                0x000000000000471c                USBD_StringSerial
 *fill*         0x0000000000004732        0x2 
 .rodata.USBD_HidRepDesc
                0x0000000000004734       0x4c ./USB_DEVICE/Src/usb_desc.o
                0x0000000000004734                USBD_HidRepDesc
 .rodata.Resume
                0x0000000000004780       0x18 ./USB_DEVICE/Src/usb_pwr.o
 *(.gnu.linkonce.t.*)
                0x0000000000004798                . = ALIGN (0x4)

.rela.dyn       0x0000000000004798        0x0
 .rela.init     0x0000000000004798        0x0 ./USB_DEVICE/Src/hw_config.o
 .rela.vector   0x0000000000004798        0x0 ./USB_DEVICE/Src/hw_config.o
 .rela.text.handle_reset
                0x0000000000004798        0x0 ./USB_DEVICE/Src/hw_config.o

.fini           0x0000000000004798        0x0
 *(SORT_NONE(.fini))
                0x0000000000004798                . = ALIGN (0x4)
                [!provide]                        PROVIDE (_etext = .)
                [!provide]                        PROVIDE (_eitcm = .)

.preinit_array  0x0000000000004798        0x0
                [!provide]                        PROVIDE (__preinit_array_start = .)
 *(.preinit_array)
                [!provide]                        PROVIDE (__preinit_array_end = .)

.init_array     0x0000000000004798        0x0
                [!provide]                        PROVIDE (__init_array_start = .)
 *(SORT_BY_INIT_PRIORITY(.init_array.*) SORT_BY_INIT_PRIORITY(.ctors.*))
 *(.init_array EXCLUDE_FILE(*crtend?.o *crtend.o *crtbegin?.o *crtbegin.o) .ctors)
                [!provide]                        PROVIDE (__init_array_end = .)

.fini_array     0x0000000000004798        0x0
                [!provide]                        PROVIDE (__fini_array_start = .)
 *(SORT_BY_INIT_PRIORITY(.fini_array.*) SORT_BY_INIT_PRIORITY(.dtors.*))
 *(.fini_array EXCLUDE_FILE(*crtend?.o *crtend.o *crtbegin?.o *crtbegin.o) .dtors)
                [!provide]                        PROVIDE (__fini_array_end = .)

.ctors
 *crtbegin.o(.ctors)
 *crtbegin?.o(.ctors)
 *(EXCLUDE_FILE(*crtend?.o *crtend.o) .ctors)
 *(SORT_BY_NAME(.ctors.*))
 *(.ctors)

.dtors
 *crtbegin.o(.dtors)
 *crtbegin?.o(.dtors)
 *(EXCLUDE_FILE(*crtend?.o *crtend.o) .dtors)
 *(SORT_BY_NAME(.dtors.*))
 *(.dtors)

.dalign         0x0000000020000000        0x0 load address 0x0000000000004798
                0x0000000020000000                . = ALIGN (0x4)
                0x0000000020000000                PROVIDE (_data_vma = .)

.dlalign        0x0000000000004798        0x0
                0x0000000000004798                . = ALIGN (0x4)
                0x0000000000004798                PROVIDE (_data_lma = .)

.data           0x0000000020000000      0x268 load address 0x0000000000004798
 *(.gnu.linkonce.r.*)
 *(.data .data.*)
 .data.StringVendor
                0x0000000020000000       0x40 ./USB_DEVICE/Src/usb_desc.o
                0x0000000020000000                StringVendor
 .data.StringProduct
                0x0000000020000040       0x40 ./USB_DEVICE/Src/usb_desc.o
                0x0000000020000040                StringProduct
 .data.USBD_StringVendor
                0x0000000020000080       0x82 ./USB_DEVICE/Src/usb_desc.o
                0x0000000020000080                USBD_StringVendor
 *fill*         0x0000000020000102        0x2 
 .data.USBD_StringProduct
                0x0000000020000104       0x82 ./USB_DEVICE/Src/usb_desc.o
                0x0000000020000104                USBD_StringProduct
 *fill*         0x0000000020000186        0x2 
 .data.pEpInt_IN
                0x0000000020000188       0x1c ./USB_DEVICE/Src/usb_istr.o
                0x0000000020000188                pEpInt_IN
 .data.pEpInt_OUT
                0x00000000200001a4       0x1c ./USB_DEVICE/Src/usb_istr.o
                0x00000000200001a4                pEpInt_OUT
 .data.Device_Property
                0x00000000200001c0       0x30 ./USB_DEVICE/Src/usb_prop.o
                0x00000000200001c0                Device_Property
 .data.User_Standard_Requests
                0x00000000200001f0       0x24 ./USB_DEVICE/Src/usb_prop.o
                0x00000000200001f0                User_Standard_Requests
 .data.String_Descriptor
                0x0000000020000214       0x20 ./USB_DEVICE/Src/usb_prop.o
                0x0000000020000214                String_Descriptor
 *(.gnu.linkonce.d.*)
                0x0000000020000238                . = ALIGN (0x8)
 *fill*         0x0000000020000234        0x4 
                0x0000000020000a38                PROVIDE (__global_pointer$ = (. + 0x800))
 *(.sdata .sdata.*)
 .sdata.Device_Table
                0x0000000020000238        0x2 ./USB_DEVICE/Src/usb_prop.o
                0x0000000020000238                Device_Table
 *fill*         0x000000002000023a        0x2 
 .sdata.Device_Descriptor
                0x000000002000023c        0x8 ./USB_DEVICE/Src/usb_prop.o
                0x000000002000023c                Device_Descriptor
 .sdata.Config_Descriptor
                0x0000000020000244        0x8 ./USB_DEVICE/Src/usb_prop.o
                0x0000000020000244                Config_Descriptor
 .sdata.Report_Descriptor
                0x000000002000024c        0x8 ./USB_DEVICE/Src/usb_prop.o
                0x000000002000024c                Report_Descriptor
 .sdata.Hid_Descriptor
                0x0000000020000254        0x8 ./USB_DEVICE/Src/usb_prop.o
                0x0000000020000254                Hid_Descriptor
 .sdata.fSuspendEnabled
                0x000000002000025c        0x1 ./USB_DEVICE/Src/usb_pwr.o
                0x000000002000025c                fSuspendEnabled
 *(.sdata2.*)
 *fill*         0x000000002000025d        0x3 
 .sdata2.USBD_StringLangID
                0x0000000020000260        0x4 ./USB_DEVICE/Src/usb_desc.o
                0x0000000020000260                USBD_StringLangID
 *(.gnu.linkonce.s.*)
                0x0000000020000268                . = ALIGN (0x8)
 *fill*         0x0000000020000264        0x4 
 *(.srodata.cst16)
 *(.srodata.cst8)
 *(.srodata.cst4)
 *(.srodata.cst2)
 *(.srodata .srodata.*)
                0x0000000020000268                . = ALIGN (0x4)
                0x0000000020000268                PROVIDE (_edata = .)

.bss            0x0000000020000268      0x538 load address 0x0000000000004a00
                0x0000000020000268                . = ALIGN (0x4)
                0x0000000020000268                PROVIDE (_sbss = .)
 *(.sbss*)
 .sbss.StatusInfo
                0x0000000020000268        0x2 ./USB_DEVICE/Src/usb_core.o
                0x0000000020000268                StatusInfo
 .sbss.Data_Mul_MaxPacketSize
                0x000000002000026a        0x1 ./USB_DEVICE/Src/usb_core.o
                0x000000002000026a                Data_Mul_MaxPacketSize
 .sbss.USBD_Endp2_Busy
                0x000000002000026b        0x1 ./USB_DEVICE/Src/usb_endp.o
                0x000000002000026b                USBD_Endp2_Busy
 .sbss.EPindex  0x000000002000026c        0x1 ./USB_DEVICE/Src/usb_init.o
                0x000000002000026c                EPindex
 *fill*         0x000000002000026d        0x3 
 .sbss.pInformation
                0x0000000020000270        0x4 ./USB_DEVICE/Src/usb_init.o
                0x0000000020000270                pInformation
 .sbss.pProperty
                0x0000000020000274        0x4 ./USB_DEVICE/Src/usb_init.o
                0x0000000020000274                pProperty
 .sbss.wInterrupt_Mask
                0x0000000020000278        0x2 ./USB_DEVICE/Src/usb_init.o
                0x0000000020000278                wInterrupt_Mask
 *fill*         0x000000002000027a        0x2 
 .sbss.pUser_Standard_Requests
                0x000000002000027c        0x4 ./USB_DEVICE/Src/usb_init.o
                0x000000002000027c                pUser_Standard_Requests
 .sbss.SaveRState
                0x0000000020000280        0x2 ./USB_DEVICE/Src/usb_int.o
                0x0000000020000280                SaveRState
 .sbss.SaveTState
                0x0000000020000282        0x2 ./USB_DEVICE/Src/usb_int.o
                0x0000000020000282                SaveTState
 .sbss.Ep0RxBlks
                0x0000000020000284        0x2 ./USB_DEVICE/Src/usb_istr.o
                0x0000000020000284                Ep0RxBlks
 .sbss.wIstr    0x0000000020000286        0x2 ./USB_DEVICE/Src/usb_istr.o
                0x0000000020000286                wIstr
 .sbss.bIntPackSOF
                0x0000000020000288        0x1 ./USB_DEVICE/Src/usb_istr.o
                0x0000000020000288                bIntPackSOF
 *fill*         0x0000000020000289        0x3 
 .sbss.esof_counter
                0x000000002000028c        0x4 ./USB_DEVICE/Src/usb_istr.o
                0x000000002000028c                esof_counter
 .sbss.wCNTR    0x0000000020000290        0x4 ./USB_DEVICE/Src/usb_istr.o
                0x0000000020000290                wCNTR
 .sbss.HID_Idle_Value
                0x0000000020000294        0x2 ./USB_DEVICE/Src/usb_prop.o
                0x0000000020000294                HID_Idle_Value
 *fill*         0x0000000020000296        0x2 
 .sbss.HID_Protocol_Value
                0x0000000020000298        0x2 ./USB_DEVICE/Src/usb_prop.o
                0x0000000020000298                HID_Protocol_Value
 *fill*         0x000000002000029a        0x2 
 .sbss.bDeviceState
                0x000000002000029c        0x4 ./USB_DEVICE/Src/usb_pwr.o
                0x000000002000029c                bDeviceState
 .sbss.ResumeS  0x00000000200002a0        0x8 ./USB_DEVICE/Src/usb_pwr.o
                0x00000000200002a0                ResumeS
 .sbss.remotewakeupon
                0x00000000200002a8        0x4 ./USB_DEVICE/Src/usb_pwr.o
                0x00000000200002a8                remotewakeupon
 .sbss.NVIC_Priority_Group
                0x00000000200002ac        0x4 ./Drivers/src/ch32v20x_misc.o
                0x00000000200002ac                NVIC_Priority_Group
 .sbss.SysTimer_ms
                0x00000000200002b0        0x4 ./Core/Src/ch32v20x_RVMSIS.o
                0x00000000200002b0                SysTimer_ms
 .sbss.Delay_counter_ms
                0x00000000200002b4        0x4 ./Core/Src/ch32v20x_RVMSIS.o
                0x00000000200002b4                Delay_counter_ms
 .sbss.Timeout_counter_ms
                0x00000000200002b8        0x4 ./Core/Src/ch32v20x_RVMSIS.o
                0x00000000200002b8                Timeout_counter_ms
 *(.gnu.linkonce.sb.*)
 *(.bss*)
 .bss.Device_Info
                0x00000000200002bc       0x1c ./USB_DEVICE/Src/usb_init.o
                0x00000000200002bc                Device_Info
 .bss.RingBuffer_Comm
                0x00000000200002d8       0x14 ./USB_DEVICE/Src/usb_prop.o
                0x00000000200002d8                RingBuffer_Comm
 .bss.Data_Buffer
                0x00000000200002ec      0x400 ./USB_DEVICE/Src/usb_prop.o
                0x00000000200002ec                Data_Buffer
 .bss.EP        0x00000000200006ec       0x20 ./USB_DEVICE/Src/usb_pwr.o
                0x00000000200006ec                EP
 .bss.HID_Report_Buffer
                0x000000002000070c       0x40 ./USB_DEVICE/Src/usbd_compatibility_hid.o
                0x000000002000070c                HID_Report_Buffer
 .bss.husart1   0x000000002000074c       0x18 ./Core/Src/ch32v20x_RVMSIS.o
                0x000000002000074c                husart1
 .bss.husart2   0x0000000020000764       0x18 ./Core/Src/ch32v20x_RVMSIS.o
                0x0000000020000764                husart2
 .bss.husart3   0x000000002000077c       0x18 ./Core/Src/ch32v20x_RVMSIS.o
                0x000000002000077c                husart3
 .bss.Gamepad_data
                0x0000000020000794        0x9 ./Core/Src/main.o
                0x0000000020000794                Gamepad_data
 *(.gnu.linkonce.b.*)
 *(COMMON*)
                0x00000000200007a0                . = ALIGN (0x4)
 *fill*         0x000000002000079d        0x3 
                0x00000000200007a0                PROVIDE (_ebss = .)
                [!provide]                        PROVIDE (_end = _ebss)
                [!provide]                        PROVIDE (end = .)

.stack          0x0000000020002600      0x200
                [!provide]                        PROVIDE (_heap_end = .)
                0x0000000020002600                . = ALIGN (0x4)
                [!provide]                        PROVIDE (_susrstack = .)
                0x0000000020002800                . = (. + __stack_size)
 *fill*         0x0000000020002600      0x200 
                0x0000000020002800                PROVIDE (_eusrstack = .)
OUTPUT(Blink.elf elf32-littleriscv)

.debug_info     0x0000000000000000     0xd4ba
 .debug_info    0x0000000000000000     0x13f4 ./USB_DEVICE/Src/hw_config.o
 .debug_info    0x00000000000013f4      0xc31 ./USB_DEVICE/Src/usb_core.o
 .debug_info    0x0000000000002025      0xf4e ./USB_DEVICE/Src/usb_desc.o
 .debug_info    0x0000000000002f73      0x6f3 ./USB_DEVICE/Src/usb_endp.o
 .debug_info    0x0000000000003666      0x66a ./USB_DEVICE/Src/usb_init.o
 .debug_info    0x0000000000003cd0      0x5f4 ./USB_DEVICE/Src/usb_int.o
 .debug_info    0x00000000000042c4      0x691 ./USB_DEVICE/Src/usb_istr.o
 .debug_info    0x0000000000004955      0x5c8 ./USB_DEVICE/Src/usb_mem.o
 .debug_info    0x0000000000004f1d     0x14e1 ./USB_DEVICE/Src/usb_prop.o
 .debug_info    0x00000000000063fe      0x6d1 ./USB_DEVICE/Src/usb_pwr.o
 .debug_info    0x0000000000006acf     0x1169 ./USB_DEVICE/Src/usb_regs.o
 .debug_info    0x0000000000007c38      0x56a ./USB_DEVICE/Src/usb_sil.o
 .debug_info    0x00000000000081a2      0xee4 ./USB_DEVICE/Src/usbd_compatibility_hid.o
 .debug_info    0x0000000000009086       0x22 ./Startup/startup_ch32v20x_D6.o
 .debug_info    0x00000000000090a8      0x357 ./Drivers/src/ch32v20x_exti.o
 .debug_info    0x00000000000093ff      0x59d ./Drivers/src/ch32v20x_misc.o
 .debug_info    0x000000000000999c      0x989 ./Drivers/src/ch32v20x_rcc.o
 .debug_info    0x000000000000a325      0x533 ./Core/Src/ch32v203xx_it.o
 .debug_info    0x000000000000a858     0x1b62 ./Core/Src/ch32v20x_RVMSIS.o
 .debug_info    0x000000000000c3ba     0x1100 ./Core/Src/main.o

.debug_abbrev   0x0000000000000000     0x26d7
 .debug_abbrev  0x0000000000000000      0x2b4 ./USB_DEVICE/Src/hw_config.o
 .debug_abbrev  0x00000000000002b4      0x2db ./USB_DEVICE/Src/usb_core.o
 .debug_abbrev  0x000000000000058f      0x277 ./USB_DEVICE/Src/usb_desc.o
 .debug_abbrev  0x0000000000000806      0x1c6 ./USB_DEVICE/Src/usb_endp.o
 .debug_abbrev  0x00000000000009cc      0x154 ./USB_DEVICE/Src/usb_init.o
 .debug_abbrev  0x0000000000000b20      0x18e ./USB_DEVICE/Src/usb_int.o
 .debug_abbrev  0x0000000000000cae      0x176 ./USB_DEVICE/Src/usb_istr.o
 .debug_abbrev  0x0000000000000e24      0x161 ./USB_DEVICE/Src/usb_mem.o
 .debug_abbrev  0x0000000000000f85      0x375 ./USB_DEVICE/Src/usb_prop.o
 .debug_abbrev  0x00000000000012fa      0x1ef ./USB_DEVICE/Src/usb_pwr.o
 .debug_abbrev  0x00000000000014e9      0x248 ./USB_DEVICE/Src/usb_regs.o
 .debug_abbrev  0x0000000000001731      0x16e ./USB_DEVICE/Src/usb_sil.o
 .debug_abbrev  0x000000000000189f      0x20d ./USB_DEVICE/Src/usbd_compatibility_hid.o
 .debug_abbrev  0x0000000000001aac       0x12 ./Startup/startup_ch32v20x_D6.o
 .debug_abbrev  0x0000000000001abe      0x147 ./Drivers/src/ch32v20x_exti.o
 .debug_abbrev  0x0000000000001c05      0x1d7 ./Drivers/src/ch32v20x_misc.o
 .debug_abbrev  0x0000000000001ddc      0x20c ./Drivers/src/ch32v20x_rcc.o
 .debug_abbrev  0x0000000000001fe8      0x104 ./Core/Src/ch32v203xx_it.o
 .debug_abbrev  0x00000000000020ec      0x396 ./Core/Src/ch32v20x_RVMSIS.o
 .debug_abbrev  0x0000000000002482      0x255 ./Core/Src/main.o

.debug_aranges  0x0000000000000000      0x8e8
 .debug_aranges
                0x0000000000000000       0x50 ./USB_DEVICE/Src/hw_config.o
 .debug_aranges
                0x0000000000000050       0xb0 ./USB_DEVICE/Src/usb_core.o
 .debug_aranges
                0x0000000000000100       0x20 ./USB_DEVICE/Src/usb_desc.o
 .debug_aranges
                0x0000000000000120       0x30 ./USB_DEVICE/Src/usb_endp.o
 .debug_aranges
                0x0000000000000150       0x20 ./USB_DEVICE/Src/usb_init.o
 .debug_aranges
                0x0000000000000170       0x28 ./USB_DEVICE/Src/usb_int.o
 .debug_aranges
                0x0000000000000198       0x20 ./USB_DEVICE/Src/usb_istr.o
 .debug_aranges
                0x00000000000001b8       0x28 ./USB_DEVICE/Src/usb_mem.o
 .debug_aranges
                0x00000000000001e0       0xb8 ./USB_DEVICE/Src/usb_prop.o
 .debug_aranges
                0x0000000000000298       0x40 ./USB_DEVICE/Src/usb_pwr.o
 .debug_aranges
                0x00000000000002d8      0x1f0 ./USB_DEVICE/Src/usb_regs.o
 .debug_aranges
                0x00000000000004c8       0x30 ./USB_DEVICE/Src/usb_sil.o
 .debug_aranges
                0x00000000000004f8       0x18 ./USB_DEVICE/Src/usbd_compatibility_hid.o
 .debug_aranges
                0x0000000000000510       0x30 ./Startup/startup_ch32v20x_D6.o
 .debug_aranges
                0x0000000000000540       0x58 ./Drivers/src/ch32v20x_exti.o
 .debug_aranges
                0x0000000000000598       0x30 ./Drivers/src/ch32v20x_misc.o
 .debug_aranges
                0x00000000000005c8      0x130 ./Drivers/src/ch32v20x_rcc.o
 .debug_aranges
                0x00000000000006f8       0x40 ./Core/Src/ch32v203xx_it.o
 .debug_aranges
                0x0000000000000738      0x190 ./Core/Src/ch32v20x_RVMSIS.o
 .debug_aranges
                0x00000000000008c8       0x20 ./Core/Src/main.o

.debug_ranges   0x0000000000000000      0x880
 .debug_ranges  0x0000000000000000       0x40 ./USB_DEVICE/Src/hw_config.o
 .debug_ranges  0x0000000000000040       0xa0 ./USB_DEVICE/Src/usb_core.o
 .debug_ranges  0x00000000000000e0       0x10 ./USB_DEVICE/Src/usb_desc.o
 .debug_ranges  0x00000000000000f0       0x20 ./USB_DEVICE/Src/usb_endp.o
 .debug_ranges  0x0000000000000110       0x10 ./USB_DEVICE/Src/usb_init.o
 .debug_ranges  0x0000000000000120       0x18 ./USB_DEVICE/Src/usb_int.o
 .debug_ranges  0x0000000000000138       0x10 ./USB_DEVICE/Src/usb_istr.o
 .debug_ranges  0x0000000000000148       0x18 ./USB_DEVICE/Src/usb_mem.o
 .debug_ranges  0x0000000000000160       0xa8 ./USB_DEVICE/Src/usb_prop.o
 .debug_ranges  0x0000000000000208       0x30 ./USB_DEVICE/Src/usb_pwr.o
 .debug_ranges  0x0000000000000238      0x2b8 ./USB_DEVICE/Src/usb_regs.o
 .debug_ranges  0x00000000000004f0       0x20 ./USB_DEVICE/Src/usb_sil.o
 .debug_ranges  0x0000000000000510       0x28 ./Startup/startup_ch32v20x_D6.o
 .debug_ranges  0x0000000000000538       0x48 ./Drivers/src/ch32v20x_exti.o
 .debug_ranges  0x0000000000000580       0x20 ./Drivers/src/ch32v20x_misc.o
 .debug_ranges  0x00000000000005a0      0x120 ./Drivers/src/ch32v20x_rcc.o
 .debug_ranges  0x00000000000006c0       0x30 ./Core/Src/ch32v203xx_it.o
 .debug_ranges  0x00000000000006f0      0x180 ./Core/Src/ch32v20x_RVMSIS.o
 .debug_ranges  0x0000000000000870       0x10 ./Core/Src/main.o

.debug_macro    0x0000000000000000     0xaa92
 .debug_macro   0x0000000000000000      0x283 ./USB_DEVICE/Src/hw_config.o
 .debug_macro   0x0000000000000283      0x760 ./USB_DEVICE/Src/hw_config.o
 .debug_macro   0x00000000000009e3       0x7c ./USB_DEVICE/Src/hw_config.o
 .debug_macro   0x0000000000000a5f       0x6c ./USB_DEVICE/Src/hw_config.o
 .debug_macro   0x0000000000000acb       0x22 ./USB_DEVICE/Src/hw_config.o
 .debug_macro   0x0000000000000aed       0x56 ./USB_DEVICE/Src/hw_config.o
 .debug_macro   0x0000000000000b43       0x51 ./USB_DEVICE/Src/hw_config.o
 .debug_macro   0x0000000000000b94       0xef ./USB_DEVICE/Src/hw_config.o
 .debug_macro   0x0000000000000c83       0x6a ./USB_DEVICE/Src/hw_config.o
 .debug_macro   0x0000000000000ced      0x1df ./USB_DEVICE/Src/hw_config.o
 .debug_macro   0x0000000000000ecc       0x46 ./USB_DEVICE/Src/hw_config.o
 .debug_macro   0x0000000000000f12     0x6fc5 ./USB_DEVICE/Src/hw_config.o
 .debug_macro   0x0000000000007ed7      0x452 ./USB_DEVICE/Src/hw_config.o
 .debug_macro   0x0000000000008329       0x40 ./USB_DEVICE/Src/hw_config.o
 .debug_macro   0x0000000000008369       0x5e ./USB_DEVICE/Src/hw_config.o
 .debug_macro   0x00000000000083c7       0x70 ./USB_DEVICE/Src/hw_config.o
 .debug_macro   0x0000000000008437       0x6a ./USB_DEVICE/Src/hw_config.o
 .debug_macro   0x00000000000084a1       0x22 ./USB_DEVICE/Src/hw_config.o
 .debug_macro   0x00000000000084c3       0x58 ./USB_DEVICE/Src/hw_config.o
 .debug_macro   0x000000000000851b       0x19 ./USB_DEVICE/Src/hw_config.o
 .debug_macro   0x0000000000008534       0x34 ./USB_DEVICE/Src/hw_config.o
 .debug_macro   0x0000000000008568       0x34 ./USB_DEVICE/Src/hw_config.o
 .debug_macro   0x000000000000859c      0x174 ./USB_DEVICE/Src/hw_config.o
 .debug_macro   0x0000000000008710       0x58 ./USB_DEVICE/Src/hw_config.o
 .debug_macro   0x0000000000008768       0x1f ./USB_DEVICE/Src/hw_config.o
 .debug_macro   0x0000000000008787       0x43 ./USB_DEVICE/Src/hw_config.o
 .debug_macro   0x00000000000087ca       0x20 ./USB_DEVICE/Src/hw_config.o
 .debug_macro   0x00000000000087ea      0x18e ./USB_DEVICE/Src/hw_config.o
 .debug_macro   0x0000000000008978      0x330 ./USB_DEVICE/Src/hw_config.o
 .debug_macro   0x0000000000008ca8       0x10 ./USB_DEVICE/Src/hw_config.o
 .debug_macro   0x0000000000008cb8       0x35 ./USB_DEVICE/Src/hw_config.o
 .debug_macro   0x0000000000008ced       0x58 ./USB_DEVICE/Src/hw_config.o
 .debug_macro   0x0000000000008d45       0x10 ./USB_DEVICE/Src/hw_config.o
 .debug_macro   0x0000000000008d55      0x366 ./USB_DEVICE/Src/hw_config.o
 .debug_macro   0x00000000000090bb       0x1c ./USB_DEVICE/Src/hw_config.o
 .debug_macro   0x00000000000090d7       0x1c ./USB_DEVICE/Src/hw_config.o
 .debug_macro   0x00000000000090f3       0x10 ./USB_DEVICE/Src/hw_config.o
 .debug_macro   0x0000000000009103       0xb6 ./USB_DEVICE/Src/hw_config.o
 .debug_macro   0x00000000000091b9       0x16 ./USB_DEVICE/Src/hw_config.o
 .debug_macro   0x00000000000091cf      0x129 ./USB_DEVICE/Src/hw_config.o
 .debug_macro   0x00000000000092f8       0x88 ./USB_DEVICE/Src/hw_config.o
 .debug_macro   0x0000000000009380       0x22 ./USB_DEVICE/Src/hw_config.o
 .debug_macro   0x00000000000093a2      0x130 ./USB_DEVICE/Src/usb_core.o
 .debug_macro   0x00000000000094d2      0x19e ./USB_DEVICE/Src/usb_desc.o
 .debug_macro   0x0000000000009670      0x119 ./USB_DEVICE/Src/usb_endp.o
 .debug_macro   0x0000000000009789       0xeb ./USB_DEVICE/Src/usb_init.o
 .debug_macro   0x0000000000009874       0xe2 ./USB_DEVICE/Src/usb_int.o
 .debug_macro   0x0000000000009956      0x108 ./USB_DEVICE/Src/usb_istr.o
 .debug_macro   0x0000000000009a5e       0xe2 ./USB_DEVICE/Src/usb_mem.o
 .debug_macro   0x0000000000009b40      0x26b ./USB_DEVICE/Src/usb_prop.o
 .debug_macro   0x0000000000009dab       0x10 ./USB_DEVICE/Src/usb_prop.o
 .debug_macro   0x0000000000009dbb       0xfd ./USB_DEVICE/Src/usb_pwr.o
 .debug_macro   0x0000000000009eb8       0xe2 ./USB_DEVICE/Src/usb_regs.o
 .debug_macro   0x0000000000009f9a       0xe2 ./USB_DEVICE/Src/usb_sil.o
 .debug_macro   0x000000000000a07c      0x1b0 ./USB_DEVICE/Src/usbd_compatibility_hid.o
 .debug_macro   0x000000000000a22c       0x87 ./Drivers/src/ch32v20x_exti.o
 .debug_macro   0x000000000000a2b3       0x82 ./Drivers/src/ch32v20x_exti.o
 .debug_macro   0x000000000000a335       0x81 ./Drivers/src/ch32v20x_misc.o
 .debug_macro   0x000000000000a3b6       0x1c ./Drivers/src/ch32v20x_misc.o
 .debug_macro   0x000000000000a3d2      0x141 ./Drivers/src/ch32v20x_rcc.o
 .debug_macro   0x000000000000a513       0xaf ./Core/Src/ch32v203xx_it.o
 .debug_macro   0x000000000000a5c2       0xaf ./Core/Src/ch32v20x_RVMSIS.o
 .debug_macro   0x000000000000a671      0x261 ./Core/Src/main.o
 .debug_macro   0x000000000000a8d2       0x16 ./Core/Src/main.o
 .debug_macro   0x000000000000a8e8       0x97 ./Core/Src/main.o
 .debug_macro   0x000000000000a97f       0xfd ./Core/Src/main.o
 .debug_macro   0x000000000000aa7c       0x16 ./Core/Src/main.o

.debug_line     0x0000000000000000     0xb143
 .debug_line    0x0000000000000000      0x668 ./USB_DEVICE/Src/hw_config.o
 .debug_line    0x0000000000000668     0x1828 ./USB_DEVICE/Src/usb_core.o
 .debug_line    0x0000000000001e90      0x450 ./USB_DEVICE/Src/usb_desc.o
 .debug_line    0x00000000000022e0      0x450 ./USB_DEVICE/Src/usb_endp.o
 .debug_line    0x0000000000002730      0x2fa ./USB_DEVICE/Src/usb_init.o
 .debug_line    0x0000000000002a2a      0x68c ./USB_DEVICE/Src/usb_int.o
 .debug_line    0x00000000000030b6      0x5e5 ./USB_DEVICE/Src/usb_istr.o
 .debug_line    0x000000000000369b      0x3fd ./USB_DEVICE/Src/usb_mem.o
 .debug_line    0x0000000000003a98      0xc2d ./USB_DEVICE/Src/usb_prop.o
 .debug_line    0x00000000000046c5      0x683 ./USB_DEVICE/Src/usb_pwr.o
 .debug_line    0x0000000000004d48      0xfa0 ./USB_DEVICE/Src/usb_regs.o
 .debug_line    0x0000000000005ce8      0x325 ./USB_DEVICE/Src/usb_sil.o
 .debug_line    0x000000000000600d      0x3ae ./USB_DEVICE/Src/usbd_compatibility_hid.o
 .debug_line    0x00000000000063bb      0x11b ./Startup/startup_ch32v20x_D6.o
 .debug_line    0x00000000000064d6      0x569 ./Drivers/src/ch32v20x_exti.o
 .debug_line    0x0000000000006a3f      0x384 ./Drivers/src/ch32v20x_misc.o
 .debug_line    0x0000000000006dc3      0xe0a ./Drivers/src/ch32v20x_rcc.o
 .debug_line    0x0000000000007bcd      0x4ee ./Core/Src/ch32v203xx_it.o
 .debug_line    0x00000000000080bb     0x2b27 ./Core/Src/ch32v20x_RVMSIS.o
 .debug_line    0x000000000000abe2      0x561 ./Core/Src/main.o

.debug_str      0x0000000000000000    0x2eb89
 .debug_str     0x0000000000000000    0x2c6ea ./USB_DEVICE/Src/hw_config.o
                                      0x2ca6f (size before relaxing)
 .debug_str     0x000000000002c6ea      0x61c ./USB_DEVICE/Src/usb_core.o
                                      0x27a19 (size before relaxing)
 .debug_str     0x000000000002cd06       0x85 ./USB_DEVICE/Src/usb_desc.o
                                      0x2a163 (size before relaxing)
 .debug_str     0x000000000002cd8b       0x75 ./USB_DEVICE/Src/usb_endp.o
                                      0x27590 (size before relaxing)
 .debug_str     0x000000000002ce00       0x38 ./USB_DEVICE/Src/usb_init.o
                                      0x272be (size before relaxing)
 .debug_str     0x000000000002ce38       0x5c ./USB_DEVICE/Src/usb_int.o
                                      0x27066 (size before relaxing)
 .debug_str     0x000000000002ce94       0xba ./USB_DEVICE/Src/usb_istr.o
                                      0x273ad (size before relaxing)
 .debug_str     0x000000000002cf4e       0x74 ./USB_DEVICE/Src/usb_mem.o
                                      0x2707e (size before relaxing)
 .debug_str     0x000000000002cfc2      0x207 ./USB_DEVICE/Src/usb_prop.o
                                      0x2c3dd (size before relaxing)
 .debug_str     0x000000000002d1c9       0x76 ./USB_DEVICE/Src/usb_pwr.o
                                      0x271d7 (size before relaxing)
 .debug_str     0x000000000002d23f      0x3e0 ./USB_DEVICE/Src/usb_regs.o
                                      0x27406 (size before relaxing)
 .debug_str     0x000000000002d61f       0x72 ./USB_DEVICE/Src/usb_sil.o
                                      0x2707c (size before relaxing)
 .debug_str     0x000000000002d691       0x2b ./USB_DEVICE/Src/usbd_compatibility_hid.o
                                      0x2a398 (size before relaxing)
 .debug_str     0x000000000002d6bc       0x2d ./Startup/startup_ch32v20x_D6.o
                                         0x58 (size before relaxing)
 .debug_str     0x000000000002d6e9      0x123 ./Drivers/src/ch32v20x_exti.o
                                      0x24947 (size before relaxing)
 .debug_str     0x000000000002d80c      0x146 ./Drivers/src/ch32v20x_misc.o
                                      0x249f6 (size before relaxing)
 .debug_str     0x000000000002d952      0x942 ./Drivers/src/ch32v20x_rcc.o
                                      0x262eb (size before relaxing)
 .debug_str     0x000000000002e294      0x20a ./Core/Src/ch32v203xx_it.o
                                      0x25c5f (size before relaxing)
 .debug_str     0x000000000002e49e      0x693 ./Core/Src/ch32v20x_RVMSIS.o
                                      0x26747 (size before relaxing)
 .debug_str     0x000000000002eb31       0x58 ./Core/Src/main.o
                                      0x2c1d7 (size before relaxing)

.comment        0x0000000000000000       0x33
 .comment       0x0000000000000000       0x33 ./USB_DEVICE/Src/hw_config.o
                                         0x34 (size before relaxing)
 .comment       0x0000000000000033       0x34 ./USB_DEVICE/Src/usb_core.o
 .comment       0x0000000000000033       0x34 ./USB_DEVICE/Src/usb_desc.o
 .comment       0x0000000000000033       0x34 ./USB_DEVICE/Src/usb_endp.o
 .comment       0x0000000000000033       0x34 ./USB_DEVICE/Src/usb_init.o
 .comment       0x0000000000000033       0x34 ./USB_DEVICE/Src/usb_int.o
 .comment       0x0000000000000033       0x34 ./USB_DEVICE/Src/usb_istr.o
 .comment       0x0000000000000033       0x34 ./USB_DEVICE/Src/usb_mem.o
 .comment       0x0000000000000033       0x34 ./USB_DEVICE/Src/usb_prop.o
 .comment       0x0000000000000033       0x34 ./USB_DEVICE/Src/usb_pwr.o
 .comment       0x0000000000000033       0x34 ./USB_DEVICE/Src/usb_regs.o
 .comment       0x0000000000000033       0x34 ./USB_DEVICE/Src/usb_sil.o
 .comment       0x0000000000000033       0x34 ./USB_DEVICE/Src/usbd_compatibility_hid.o
 .comment       0x0000000000000033       0x34 ./Drivers/src/ch32v20x_exti.o
 .comment       0x0000000000000033       0x34 ./Drivers/src/ch32v20x_misc.o
 .comment       0x0000000000000033       0x34 ./Drivers/src/ch32v20x_rcc.o
 .comment       0x0000000000000033       0x34 ./Core/Src/ch32v203xx_it.o
 .comment       0x0000000000000033       0x34 ./Core/Src/ch32v20x_RVMSIS.o
 .comment       0x0000000000000033       0x34 ./Core/Src/main.o

.debug_frame    0x0000000000000000     0x1f1c
 .debug_frame   0x0000000000000000       0xfc ./USB_DEVICE/Src/hw_config.o
 .debug_frame   0x00000000000000fc      0x2d4 ./USB_DEVICE/Src/usb_core.o
 .debug_frame   0x00000000000003d0       0x34 ./USB_DEVICE/Src/usb_desc.o
 .debug_frame   0x0000000000000404       0x80 ./USB_DEVICE/Src/usb_endp.o
 .debug_frame   0x0000000000000484       0x34 ./USB_DEVICE/Src/usb_init.o
 .debug_frame   0x00000000000004b8       0x68 ./USB_DEVICE/Src/usb_int.o
 .debug_frame   0x0000000000000520       0x38 ./USB_DEVICE/Src/usb_istr.o
 .debug_frame   0x0000000000000558       0x50 ./USB_DEVICE/Src/usb_mem.o
 .debug_frame   0x00000000000005a8      0x2b8 ./USB_DEVICE/Src/usb_prop.o
 .debug_frame   0x0000000000000860       0xc4 ./USB_DEVICE/Src/usb_pwr.o
 .debug_frame   0x0000000000000924      0x790 ./USB_DEVICE/Src/usb_regs.o
 .debug_frame   0x00000000000010b4       0x78 ./USB_DEVICE/Src/usb_sil.o
 .debug_frame   0x000000000000112c      0x114 ./Drivers/src/ch32v20x_exti.o
 .debug_frame   0x0000000000001240       0x74 ./Drivers/src/ch32v20x_misc.o
 .debug_frame   0x00000000000012b4      0x478 ./Drivers/src/ch32v20x_rcc.o
 .debug_frame   0x000000000000172c       0xe4 ./Core/Src/ch32v203xx_it.o
 .debug_frame   0x0000000000001810      0x6c0 ./Core/Src/ch32v20x_RVMSIS.o
 .debug_frame   0x0000000000001ed0       0x2c ./Core/Src/main.o
 .debug_frame   0x0000000000001efc       0x20 c:/mounriver/mounriver_studio/toolchain/risc-v embedded gcc/bin/../lib/gcc/riscv-none-embed/8.2.0/../../../../riscv-none-embed/lib/rv32imacxw/ilp32\libg_nano.a(lib_a-strlen.o)
